Archive member included to satisfy reference by file (symbol)

./libelibc.a(crt0.o)          (crt0)
./libelibc.a(stdio.o)         pi.o (printf)
./libelibc.a(stdlib.o)        pi.o (exit)
./libelibc.a(string.o)        ./libelibc.a(stdlib.o) (memset)
./libelibc.a(time.o)          pi.o (clock)
./libelibc.a(uart.o)          ./libelibc.a(stdio.o) (inbyte)
/opt/riscv/lib/gcc/riscv32-unknown-elf/13.2.0/libgcc.a(_udivdi3.o)
                              ./libelibc.a(stdio.o) (__udivdi3)
/opt/riscv/lib/gcc/riscv32-unknown-elf/13.2.0/libgcc.a(adddf3.o)
                              ./libelibc.a(stdio.o) (__adddf3)
/opt/riscv/lib/gcc/riscv32-unknown-elf/13.2.0/libgcc.a(divdf3.o)
                              ./libelibc.a(stdio.o) (__divdf3)
/opt/riscv/lib/gcc/riscv32-unknown-elf/13.2.0/libgcc.a(ledf2.o)
                              ./libelibc.a(stdio.o) (__ltdf2)
/opt/riscv/lib/gcc/riscv32-unknown-elf/13.2.0/libgcc.a(muldf3.o)
                              ./libelibc.a(stdio.o) (__muldf3)
/opt/riscv/lib/gcc/riscv32-unknown-elf/13.2.0/libgcc.a(subdf3.o)
                              ./libelibc.a(stdio.o) (__subdf3)
/opt/riscv/lib/gcc/riscv32-unknown-elf/13.2.0/libgcc.a(fixunsdfsi.o)
                              ./libelibc.a(stdio.o) (__fixunsdfsi)
/opt/riscv/lib/gcc/riscv32-unknown-elf/13.2.0/libgcc.a(floatunsidf.o)
                              ./libelibc.a(stdio.o) (__floatunsidf)
/opt/riscv/lib/gcc/riscv32-unknown-elf/13.2.0/libgcc.a(fixunsdfdi.o)
                              ./libelibc.a(stdio.o) (__fixunsdfdi)
/opt/riscv/lib/gcc/riscv32-unknown-elf/13.2.0/libgcc.a(addsf3.o)
                              pi.o (__addsf3)
/opt/riscv/lib/gcc/riscv32-unknown-elf/13.2.0/libgcc.a(mulsf3.o)
                              pi.o (__mulsf3)
/opt/riscv/lib/gcc/riscv32-unknown-elf/13.2.0/libgcc.a(fixsfsi.o)
                              pi.o (__fixsfsi)
/opt/riscv/lib/gcc/riscv32-unknown-elf/13.2.0/libgcc.a(floatsisf.o)
                              pi.o (__floatsisf)
/opt/riscv/lib/gcc/riscv32-unknown-elf/13.2.0/libgcc.a(_ashldi3.o)
                              /opt/riscv/lib/gcc/riscv32-unknown-elf/13.2.0/libgcc.a(fixunsdfdi.o) (__ashldi3)
/opt/riscv/lib/gcc/riscv32-unknown-elf/13.2.0/libgcc.a(_clz.o)
                              /opt/riscv/lib/gcc/riscv32-unknown-elf/13.2.0/libgcc.a(_udivdi3.o) (__clz_tab)
/opt/riscv/lib/gcc/riscv32-unknown-elf/13.2.0/libgcc.a(_clzsi2.o)
                              /opt/riscv/lib/gcc/riscv32-unknown-elf/13.2.0/libgcc.a(adddf3.o) (__clzsi2)

There are no discarded input sections

Memory Configuration

Name             Origin             Length             Attributes
code_ram         0x80001000         0x00007000         xr!rw
data_ram         0x80008000         0x00010000         rw!x
*default*        0x00000000         0xffffffff

Linker script and memory map

                0x00001000                        __stack_size = 0x1000
                0x0000d000                        __heap_size = 0xd000

.text           0x80001000     0x43a0
 *(.text*)
 .text          0x80001000      0x500 pi.o
                0x80001000                outp
                0x800010d8                add
                0x80001140                sub
                0x800011a0                mul
                0x800011f4                divl
                0x8000123c                termno
                0x800012e8                arctan
 .text.startup  0x80001500      0x1d4 pi.o
                0x80001500                main
 .text          0x800016d4       0x30 ./libelibc.a(crt0.o)
                0x800016d4                crt0
 .text          0x80001704      0xa58 ./libelibc.a(stdio.o)
                0x80001704                getchar
                0x8000171c                putchar
                0x80001748                fputs
                0x800017d8                fgets
                0x800018a0                putd
                0x800019d8                putx
                0x80001afc                putld
                0x80001d5c                putf
                0x80001f18                printf
 .text          0x8000215c      0x2c0 ./libelibc.a(stdlib.o)
                0x8000215c                exit
                0x800021a8                malloc
                0x800022d0                free
                0x800022fc                calloc
                0x80002338                atoi
                0x800023d0                abs
                0x800023e0                srand
                0x800023ec                rand
 .text          0x8000241c      0x270 ./libelibc.a(string.o)
                0x8000241c                memcpy
                0x80002440                memmove
                0x8000249c                memset
                0x800024bc                strlen
                0x800024e4                strcpy
                0x8000250c                strncpy
                0x80002574                strcat
                0x800025b8                strncat
                0x8000260c                strcmp
                0x80002648                strncmp
 .text          0x8000268c       0xb4 ./libelibc.a(time.o)
                0x8000268c                clock
 .text          0x80002740       0x70 ./libelibc.a(uart.o)
                0x80002740                inbyte
                0x80002764                outbyte
 .text          0x800027b0      0x430 /opt/riscv/lib/gcc/riscv32-unknown-elf/13.2.0/libgcc.a(_udivdi3.o)
                0x800027b0                __udivdi3
 .text          0x80002be0      0x794 /opt/riscv/lib/gcc/riscv32-unknown-elf/13.2.0/libgcc.a(adddf3.o)
                0x80002be0                __adddf3
 .text          0x80003374      0x6dc /opt/riscv/lib/gcc/riscv32-unknown-elf/13.2.0/libgcc.a(divdf3.o)
                0x80003374                __divdf3
 .text          0x80003a50       0xdc /opt/riscv/lib/gcc/riscv32-unknown-elf/13.2.0/libgcc.a(ledf2.o)
                0x80003a50                __ltdf2
                0x80003a50                __ledf2
 .text          0x80003b2c      0x5f0 /opt/riscv/lib/gcc/riscv32-unknown-elf/13.2.0/libgcc.a(muldf3.o)
                0x80003b2c                __muldf3
 .text          0x8000411c      0x7a8 /opt/riscv/lib/gcc/riscv32-unknown-elf/13.2.0/libgcc.a(subdf3.o)
                0x8000411c                __subdf3
 .text          0x800048c4       0x7c /opt/riscv/lib/gcc/riscv32-unknown-elf/13.2.0/libgcc.a(fixunsdfsi.o)
                0x800048c4                __fixunsdfsi
 .text          0x80004940       0x80 /opt/riscv/lib/gcc/riscv32-unknown-elf/13.2.0/libgcc.a(floatunsidf.o)
                0x80004940                __floatunsidf
 .text          0x800049c0       0xa8 /opt/riscv/lib/gcc/riscv32-unknown-elf/13.2.0/libgcc.a(fixunsdfdi.o)
                0x800049c0                __fixunsdfdi
 .text          0x80004a68      0x420 /opt/riscv/lib/gcc/riscv32-unknown-elf/13.2.0/libgcc.a(addsf3.o)
                0x80004a68                __addsf3
 .text          0x80004e88      0x31c /opt/riscv/lib/gcc/riscv32-unknown-elf/13.2.0/libgcc.a(mulsf3.o)
                0x80004e88                __mulsf3
 .text          0x800051a4       0x70 /opt/riscv/lib/gcc/riscv32-unknown-elf/13.2.0/libgcc.a(fixsfsi.o)
                0x800051a4                __fixsfsi
 .text          0x80005214      0x108 /opt/riscv/lib/gcc/riscv32-unknown-elf/13.2.0/libgcc.a(floatsisf.o)
                0x80005214                __floatsisf
 .text          0x8000531c       0x38 /opt/riscv/lib/gcc/riscv32-unknown-elf/13.2.0/libgcc.a(_ashldi3.o)
                0x8000531c                __ashldi3
 .text          0x80005354        0x0 /opt/riscv/lib/gcc/riscv32-unknown-elf/13.2.0/libgcc.a(_clz.o)
 .text          0x80005354       0x4c /opt/riscv/lib/gcc/riscv32-unknown-elf/13.2.0/libgcc.a(_clzsi2.o)
                0x80005354                __clzsi2

.srodata.cst4   0x800053a0       0x14
 .srodata.cst4  0x800053a0       0x14 pi.o

.srodata.cst8   0x800053b8       0x18
 .srodata.cst8  0x800053b8       0x18 ./libelibc.a(stdio.o)

.srodata        0x800053d0        0x8
 .srodata       0x800053d0        0x8 ./libelibc.a(stdlib.o)

.eh_frame       0x800053d8       0x28
 .eh_frame      0x800053d8       0x28 /opt/riscv/lib/gcc/riscv32-unknown-elf/13.2.0/libgcc.a(_udivdi3.o)

.rela.dyn       0x80005400        0x0
 .rela.sdata    0x80005400        0x0 pi.o
 .rela.srodata  0x80005400        0x0 pi.o

.data           0x80008000      0x378
 *(.data)
 .data          0x80008000        0x0 pi.o
 .data          0x80008000        0x0 ./libelibc.a(crt0.o)
 .data          0x80008000        0x0 ./libelibc.a(stdio.o)
 .data          0x80008000        0x0 ./libelibc.a(stdlib.o)
 .data          0x80008000        0x0 ./libelibc.a(string.o)
 .data          0x80008000        0x0 ./libelibc.a(time.o)
 .data          0x80008000        0x0 ./libelibc.a(uart.o)
 .data          0x80008000        0x0 /opt/riscv/lib/gcc/riscv32-unknown-elf/13.2.0/libgcc.a(_udivdi3.o)
 .data          0x80008000        0x0 /opt/riscv/lib/gcc/riscv32-unknown-elf/13.2.0/libgcc.a(adddf3.o)
 .data          0x80008000        0x0 /opt/riscv/lib/gcc/riscv32-unknown-elf/13.2.0/libgcc.a(divdf3.o)
 .data          0x80008000        0x0 /opt/riscv/lib/gcc/riscv32-unknown-elf/13.2.0/libgcc.a(ledf2.o)
 .data          0x80008000        0x0 /opt/riscv/lib/gcc/riscv32-unknown-elf/13.2.0/libgcc.a(muldf3.o)
 .data          0x80008000        0x0 /opt/riscv/lib/gcc/riscv32-unknown-elf/13.2.0/libgcc.a(subdf3.o)
 .data          0x80008000        0x0 /opt/riscv/lib/gcc/riscv32-unknown-elf/13.2.0/libgcc.a(fixunsdfsi.o)
 .data          0x80008000        0x0 /opt/riscv/lib/gcc/riscv32-unknown-elf/13.2.0/libgcc.a(floatunsidf.o)
 .data          0x80008000        0x0 /opt/riscv/lib/gcc/riscv32-unknown-elf/13.2.0/libgcc.a(fixunsdfdi.o)
 .data          0x80008000        0x0 /opt/riscv/lib/gcc/riscv32-unknown-elf/13.2.0/libgcc.a(addsf3.o)
 .data          0x80008000        0x0 /opt/riscv/lib/gcc/riscv32-unknown-elf/13.2.0/libgcc.a(mulsf3.o)
 .data          0x80008000        0x0 /opt/riscv/lib/gcc/riscv32-unknown-elf/13.2.0/libgcc.a(fixsfsi.o)
 .data          0x80008000        0x0 /opt/riscv/lib/gcc/riscv32-unknown-elf/13.2.0/libgcc.a(floatsisf.o)
 .data          0x80008000        0x0 /opt/riscv/lib/gcc/riscv32-unknown-elf/13.2.0/libgcc.a(_ashldi3.o)
 .data          0x80008000        0x0 /opt/riscv/lib/gcc/riscv32-unknown-elf/13.2.0/libgcc.a(_clz.o)
 .data          0x80008000        0x0 /opt/riscv/lib/gcc/riscv32-unknown-elf/13.2.0/libgcc.a(_clzsi2.o)
 *(.bss)
 .bss           0x80008000        0x0 pi.o
 .bss           0x80008000        0x0 ./libelibc.a(crt0.o)
 .bss           0x80008000        0x0 ./libelibc.a(stdio.o)
 .bss           0x80008000        0x0 ./libelibc.a(stdlib.o)
 .bss           0x80008000        0x0 ./libelibc.a(string.o)
 .bss           0x80008000        0x0 ./libelibc.a(time.o)
 .bss           0x80008000        0x0 ./libelibc.a(uart.o)
 .bss           0x80008000        0x0 /opt/riscv/lib/gcc/riscv32-unknown-elf/13.2.0/libgcc.a(_udivdi3.o)
 .bss           0x80008000        0x0 /opt/riscv/lib/gcc/riscv32-unknown-elf/13.2.0/libgcc.a(adddf3.o)
 .bss           0x80008000        0x0 /opt/riscv/lib/gcc/riscv32-unknown-elf/13.2.0/libgcc.a(divdf3.o)
 .bss           0x80008000        0x0 /opt/riscv/lib/gcc/riscv32-unknown-elf/13.2.0/libgcc.a(ledf2.o)
 .bss           0x80008000        0x0 /opt/riscv/lib/gcc/riscv32-unknown-elf/13.2.0/libgcc.a(muldf3.o)
 .bss           0x80008000        0x0 /opt/riscv/lib/gcc/riscv32-unknown-elf/13.2.0/libgcc.a(subdf3.o)
 .bss           0x80008000        0x0 /opt/riscv/lib/gcc/riscv32-unknown-elf/13.2.0/libgcc.a(fixunsdfsi.o)
 .bss           0x80008000        0x0 /opt/riscv/lib/gcc/riscv32-unknown-elf/13.2.0/libgcc.a(floatunsidf.o)
 .bss           0x80008000        0x0 /opt/riscv/lib/gcc/riscv32-unknown-elf/13.2.0/libgcc.a(fixunsdfdi.o)
 .bss           0x80008000        0x0 /opt/riscv/lib/gcc/riscv32-unknown-elf/13.2.0/libgcc.a(addsf3.o)
 .bss           0x80008000        0x0 /opt/riscv/lib/gcc/riscv32-unknown-elf/13.2.0/libgcc.a(mulsf3.o)
 .bss           0x80008000        0x0 /opt/riscv/lib/gcc/riscv32-unknown-elf/13.2.0/libgcc.a(fixsfsi.o)
 .bss           0x80008000        0x0 /opt/riscv/lib/gcc/riscv32-unknown-elf/13.2.0/libgcc.a(floatsisf.o)
 .bss           0x80008000        0x0 /opt/riscv/lib/gcc/riscv32-unknown-elf/13.2.0/libgcc.a(_ashldi3.o)
 .bss           0x80008000        0x0 /opt/riscv/lib/gcc/riscv32-unknown-elf/13.2.0/libgcc.a(_clz.o)
 .bss           0x80008000        0x0 /opt/riscv/lib/gcc/riscv32-unknown-elf/13.2.0/libgcc.a(_clzsi2.o)
 *(.rodata*)
 .rodata.str1.4
                0x80008000      0x10d pi.o
                                 0x90 (size before relaxing)
 .rodata.str1.4
                0x8000810d       0x7d ./libelibc.a(stdio.o)
 *fill*         0x8000810d        0x3 
 .rodata        0x80008110       0x84 ./libelibc.a(stdio.o)
 .rodata        0x80008194       0xa8 ./libelibc.a(stdlib.o)
 .rodata        0x8000823c       0x3c /opt/riscv/lib/gcc/riscv32-unknown-elf/13.2.0/libgcc.a(divdf3.o)
 .rodata        0x80008278      0x100 /opt/riscv/lib/gcc/riscv32-unknown-elf/13.2.0/libgcc.a(_clz.o)
                0x80008278                __clz_tab

.sdata          0x80008378       0x2c
 .sdata         0x80008378        0x4 ./libelibc.a(crt0.o)
                0x80008378                stack_top
 .sdata         0x8000837c       0x1c ./libelibc.a(stdio.o)
                0x8000837c                stderr
                0x80008380                stdout
                0x80008384                stdin
 .sdata         0x80008398        0xc ./libelibc.a(stdlib.o)

.sbss           0x800083a4       0x20
 .sbss          0x800083a4       0x14 pi.o
                0x800083a4                trm
                0x800083a8                pwr
                0x800083ac                pi
                0x800083b0                temp
                0x800083b4                one
 .sbss          0x800083b8        0x4 ./libelibc.a(crt0.o)
                0x800083b8                sp_store
 .sbss          0x800083bc        0x8 ./libelibc.a(stdio.o)

.heap           0x800083d0     0xd000
                0x800083d0                        __heap_start = .
                0x800153d0                        . = (. + __heap_size)
 *fill*         0x800083d0     0xd000 

.stack          0x800153d0     0x1000
                0x800163d0                        . = (. + __stack_size)
 *fill*         0x800153d0     0x1000 
                0x800163d0                        __stack_top = .
LOAD pi.o
LOAD ./libelibc.a
LOAD /opt/riscv/lib/gcc/riscv32-unknown-elf/13.2.0/libgcc.a
OUTPUT(pi.elf elf32-littleriscv)

.comment        0x00000000        0xf
 .comment       0x00000000        0xf pi.o
                                 0x10 (size before relaxing)
 .comment       0x0000000f       0x10 ./libelibc.a(crt0.o)
 .comment       0x0000000f       0x10 ./libelibc.a(stdio.o)
 .comment       0x0000000f       0x10 ./libelibc.a(stdlib.o)
 .comment       0x0000000f       0x10 ./libelibc.a(string.o)
 .comment       0x0000000f       0x10 ./libelibc.a(time.o)
 .comment       0x0000000f       0x10 ./libelibc.a(uart.o)
 .comment       0x0000000f       0x10 /opt/riscv/lib/gcc/riscv32-unknown-elf/13.2.0/libgcc.a(_udivdi3.o)
 .comment       0x0000000f       0x10 /opt/riscv/lib/gcc/riscv32-unknown-elf/13.2.0/libgcc.a(adddf3.o)
 .comment       0x0000000f       0x10 /opt/riscv/lib/gcc/riscv32-unknown-elf/13.2.0/libgcc.a(divdf3.o)
 .comment       0x0000000f       0x10 /opt/riscv/lib/gcc/riscv32-unknown-elf/13.2.0/libgcc.a(ledf2.o)
 .comment       0x0000000f       0x10 /opt/riscv/lib/gcc/riscv32-unknown-elf/13.2.0/libgcc.a(muldf3.o)
 .comment       0x0000000f       0x10 /opt/riscv/lib/gcc/riscv32-unknown-elf/13.2.0/libgcc.a(subdf3.o)
 .comment       0x0000000f       0x10 /opt/riscv/lib/gcc/riscv32-unknown-elf/13.2.0/libgcc.a(fixunsdfsi.o)
 .comment       0x0000000f       0x10 /opt/riscv/lib/gcc/riscv32-unknown-elf/13.2.0/libgcc.a(floatunsidf.o)
 .comment       0x0000000f       0x10 /opt/riscv/lib/gcc/riscv32-unknown-elf/13.2.0/libgcc.a(fixunsdfdi.o)
 .comment       0x0000000f       0x10 /opt/riscv/lib/gcc/riscv32-unknown-elf/13.2.0/libgcc.a(addsf3.o)
 .comment       0x0000000f       0x10 /opt/riscv/lib/gcc/riscv32-unknown-elf/13.2.0/libgcc.a(mulsf3.o)
 .comment       0x0000000f       0x10 /opt/riscv/lib/gcc/riscv32-unknown-elf/13.2.0/libgcc.a(fixsfsi.o)
 .comment       0x0000000f       0x10 /opt/riscv/lib/gcc/riscv32-unknown-elf/13.2.0/libgcc.a(floatsisf.o)
 .comment       0x0000000f       0x10 /opt/riscv/lib/gcc/riscv32-unknown-elf/13.2.0/libgcc.a(_ashldi3.o)
 .comment       0x0000000f       0x10 /opt/riscv/lib/gcc/riscv32-unknown-elf/13.2.0/libgcc.a(_clz.o)
 .comment       0x0000000f       0x10 /opt/riscv/lib/gcc/riscv32-unknown-elf/13.2.0/libgcc.a(_clzsi2.o)

.riscv.attributes
                0x00000000       0x48
 .riscv.attributes
                0x00000000       0x44 pi.o
 .riscv.attributes
                0x00000044       0x44 ./libelibc.a(crt0.o)
 .riscv.attributes
                0x00000088       0x44 ./libelibc.a(stdio.o)
 .riscv.attributes
                0x000000cc       0x44 ./libelibc.a(stdlib.o)
 .riscv.attributes
                0x00000110       0x44 ./libelibc.a(string.o)
 .riscv.attributes
                0x00000154       0x48 ./libelibc.a(time.o)
 .riscv.attributes
                0x0000019c       0x44 ./libelibc.a(uart.o)
 .riscv.attributes
                0x000001e0       0x3b /opt/riscv/lib/gcc/riscv32-unknown-elf/13.2.0/libgcc.a(_udivdi3.o)
 .riscv.attributes
                0x0000021b       0x3b /opt/riscv/lib/gcc/riscv32-unknown-elf/13.2.0/libgcc.a(adddf3.o)
 .riscv.attributes
                0x00000256       0x3b /opt/riscv/lib/gcc/riscv32-unknown-elf/13.2.0/libgcc.a(divdf3.o)
 .riscv.attributes
                0x00000291       0x3b /opt/riscv/lib/gcc/riscv32-unknown-elf/13.2.0/libgcc.a(ledf2.o)
 .riscv.attributes
                0x000002cc       0x3b /opt/riscv/lib/gcc/riscv32-unknown-elf/13.2.0/libgcc.a(muldf3.o)
 .riscv.attributes
                0x00000307       0x3b /opt/riscv/lib/gcc/riscv32-unknown-elf/13.2.0/libgcc.a(subdf3.o)
 .riscv.attributes
                0x00000342       0x3b /opt/riscv/lib/gcc/riscv32-unknown-elf/13.2.0/libgcc.a(fixunsdfsi.o)
 .riscv.attributes
                0x0000037d       0x3b /opt/riscv/lib/gcc/riscv32-unknown-elf/13.2.0/libgcc.a(floatunsidf.o)
 .riscv.attributes
                0x000003b8       0x3b /opt/riscv/lib/gcc/riscv32-unknown-elf/13.2.0/libgcc.a(fixunsdfdi.o)
 .riscv.attributes
                0x000003f3       0x3b /opt/riscv/lib/gcc/riscv32-unknown-elf/13.2.0/libgcc.a(addsf3.o)
 .riscv.attributes
                0x0000042e       0x3b /opt/riscv/lib/gcc/riscv32-unknown-elf/13.2.0/libgcc.a(mulsf3.o)
 .riscv.attributes
                0x00000469       0x3b /opt/riscv/lib/gcc/riscv32-unknown-elf/13.2.0/libgcc.a(fixsfsi.o)
 .riscv.attributes
                0x000004a4       0x3b /opt/riscv/lib/gcc/riscv32-unknown-elf/13.2.0/libgcc.a(floatsisf.o)
 .riscv.attributes
                0x000004df       0x3b /opt/riscv/lib/gcc/riscv32-unknown-elf/13.2.0/libgcc.a(_ashldi3.o)
 .riscv.attributes
                0x0000051a       0x3b /opt/riscv/lib/gcc/riscv32-unknown-elf/13.2.0/libgcc.a(_clz.o)
 .riscv.attributes
                0x00000555       0x3b /opt/riscv/lib/gcc/riscv32-unknown-elf/13.2.0/libgcc.a(_clzsi2.o)

.debug_info     0x00000000     0x3465
 .debug_info    0x00000000      0x76f /opt/riscv/lib/gcc/riscv32-unknown-elf/13.2.0/libgcc.a(_udivdi3.o)
 .debug_info    0x0000076f      0x501 /opt/riscv/lib/gcc/riscv32-unknown-elf/13.2.0/libgcc.a(adddf3.o)
 .debug_info    0x00000c70      0x67b /opt/riscv/lib/gcc/riscv32-unknown-elf/13.2.0/libgcc.a(divdf3.o)
 .debug_info    0x000012eb      0x225 /opt/riscv/lib/gcc/riscv32-unknown-elf/13.2.0/libgcc.a(ledf2.o)
 .debug_info    0x00001510      0x6a4 /opt/riscv/lib/gcc/riscv32-unknown-elf/13.2.0/libgcc.a(muldf3.o)
 .debug_info    0x00001bb4      0x501 /opt/riscv/lib/gcc/riscv32-unknown-elf/13.2.0/libgcc.a(subdf3.o)
 .debug_info    0x000020b5      0x1ad /opt/riscv/lib/gcc/riscv32-unknown-elf/13.2.0/libgcc.a(fixunsdfsi.o)
 .debug_info    0x00002262      0x25d /opt/riscv/lib/gcc/riscv32-unknown-elf/13.2.0/libgcc.a(floatunsidf.o)
 .debug_info    0x000024bf      0x1c9 /opt/riscv/lib/gcc/riscv32-unknown-elf/13.2.0/libgcc.a(fixunsdfdi.o)
 .debug_info    0x00002688      0x2ec /opt/riscv/lib/gcc/riscv32-unknown-elf/13.2.0/libgcc.a(addsf3.o)
 .debug_info    0x00002974      0x348 /opt/riscv/lib/gcc/riscv32-unknown-elf/13.2.0/libgcc.a(mulsf3.o)
 .debug_info    0x00002cbc      0x1b1 /opt/riscv/lib/gcc/riscv32-unknown-elf/13.2.0/libgcc.a(fixsfsi.o)
 .debug_info    0x00002e6d      0x213 /opt/riscv/lib/gcc/riscv32-unknown-elf/13.2.0/libgcc.a(floatsisf.o)
 .debug_info    0x00003080      0x1af /opt/riscv/lib/gcc/riscv32-unknown-elf/13.2.0/libgcc.a(_ashldi3.o)
 .debug_info    0x0000322f       0xe6 /opt/riscv/lib/gcc/riscv32-unknown-elf/13.2.0/libgcc.a(_clz.o)
 .debug_info    0x00003315      0x150 /opt/riscv/lib/gcc/riscv32-unknown-elf/13.2.0/libgcc.a(_clzsi2.o)

.debug_abbrev   0x00000000     0x14d8
 .debug_abbrev  0x00000000      0x1a6 /opt/riscv/lib/gcc/riscv32-unknown-elf/13.2.0/libgcc.a(_udivdi3.o)
 .debug_abbrev  0x000001a6      0x176 /opt/riscv/lib/gcc/riscv32-unknown-elf/13.2.0/libgcc.a(adddf3.o)
 .debug_abbrev  0x0000031c      0x173 /opt/riscv/lib/gcc/riscv32-unknown-elf/13.2.0/libgcc.a(divdf3.o)
 .debug_abbrev  0x0000048f      0x166 /opt/riscv/lib/gcc/riscv32-unknown-elf/13.2.0/libgcc.a(ledf2.o)
 .debug_abbrev  0x000005f5      0x185 /opt/riscv/lib/gcc/riscv32-unknown-elf/13.2.0/libgcc.a(muldf3.o)
 .debug_abbrev  0x0000077a      0x176 /opt/riscv/lib/gcc/riscv32-unknown-elf/13.2.0/libgcc.a(subdf3.o)
 .debug_abbrev  0x000008f0      0x162 /opt/riscv/lib/gcc/riscv32-unknown-elf/13.2.0/libgcc.a(fixunsdfsi.o)
 .debug_abbrev  0x00000a52      0x163 /opt/riscv/lib/gcc/riscv32-unknown-elf/13.2.0/libgcc.a(floatunsidf.o)
 .debug_abbrev  0x00000bb5      0x15f /opt/riscv/lib/gcc/riscv32-unknown-elf/13.2.0/libgcc.a(fixunsdfdi.o)
 .debug_abbrev  0x00000d14      0x164 /opt/riscv/lib/gcc/riscv32-unknown-elf/13.2.0/libgcc.a(addsf3.o)
 .debug_abbrev  0x00000e78      0x150 /opt/riscv/lib/gcc/riscv32-unknown-elf/13.2.0/libgcc.a(mulsf3.o)
 .debug_abbrev  0x00000fc8      0x15d /opt/riscv/lib/gcc/riscv32-unknown-elf/13.2.0/libgcc.a(fixsfsi.o)
 .debug_abbrev  0x00001125      0x16d /opt/riscv/lib/gcc/riscv32-unknown-elf/13.2.0/libgcc.a(floatsisf.o)
 .debug_abbrev  0x00001292      0x10c /opt/riscv/lib/gcc/riscv32-unknown-elf/13.2.0/libgcc.a(_ashldi3.o)
 .debug_abbrev  0x0000139e       0x70 /opt/riscv/lib/gcc/riscv32-unknown-elf/13.2.0/libgcc.a(_clz.o)
 .debug_abbrev  0x0000140e       0xca /opt/riscv/lib/gcc/riscv32-unknown-elf/13.2.0/libgcc.a(_clzsi2.o)

.debug_loclists
                0x00000000     0x4269
 .debug_loclists
                0x00000000      0x704 /opt/riscv/lib/gcc/riscv32-unknown-elf/13.2.0/libgcc.a(_udivdi3.o)
 .debug_loclists
                0x00000704      0xabf /opt/riscv/lib/gcc/riscv32-unknown-elf/13.2.0/libgcc.a(adddf3.o)
 .debug_loclists
                0x000011c3      0xf50 /opt/riscv/lib/gcc/riscv32-unknown-elf/13.2.0/libgcc.a(divdf3.o)
 .debug_loclists
                0x00002113       0xdc /opt/riscv/lib/gcc/riscv32-unknown-elf/13.2.0/libgcc.a(ledf2.o)
 .debug_loclists
                0x000021ef      0x7f5 /opt/riscv/lib/gcc/riscv32-unknown-elf/13.2.0/libgcc.a(muldf3.o)
 .debug_loclists
                0x000029e4      0xac4 /opt/riscv/lib/gcc/riscv32-unknown-elf/13.2.0/libgcc.a(subdf3.o)
 .debug_loclists
                0x000034a8       0x90 /opt/riscv/lib/gcc/riscv32-unknown-elf/13.2.0/libgcc.a(fixunsdfsi.o)
 .debug_loclists
                0x00003538       0xb4 /opt/riscv/lib/gcc/riscv32-unknown-elf/13.2.0/libgcc.a(floatunsidf.o)
 .debug_loclists
                0x000035ec      0x13c /opt/riscv/lib/gcc/riscv32-unknown-elf/13.2.0/libgcc.a(fixunsdfdi.o)
 .debug_loclists
                0x00003728      0x571 /opt/riscv/lib/gcc/riscv32-unknown-elf/13.2.0/libgcc.a(addsf3.o)
 .debug_loclists
                0x00003c99      0x356 /opt/riscv/lib/gcc/riscv32-unknown-elf/13.2.0/libgcc.a(mulsf3.o)
 .debug_loclists
                0x00003fef       0x8e /opt/riscv/lib/gcc/riscv32-unknown-elf/13.2.0/libgcc.a(fixsfsi.o)
 .debug_loclists
                0x0000407d      0x13d /opt/riscv/lib/gcc/riscv32-unknown-elf/13.2.0/libgcc.a(floatsisf.o)
 .debug_loclists
                0x000041ba       0x6b /opt/riscv/lib/gcc/riscv32-unknown-elf/13.2.0/libgcc.a(_ashldi3.o)
 .debug_loclists
                0x00004225       0x44 /opt/riscv/lib/gcc/riscv32-unknown-elf/13.2.0/libgcc.a(_clzsi2.o)

.debug_aranges  0x00000000      0x1f8
 .debug_aranges
                0x00000000       0x20 /opt/riscv/lib/gcc/riscv32-unknown-elf/13.2.0/libgcc.a(_udivdi3.o)
 .debug_aranges
                0x00000020       0x20 /opt/riscv/lib/gcc/riscv32-unknown-elf/13.2.0/libgcc.a(adddf3.o)
 .debug_aranges
                0x00000040       0x20 /opt/riscv/lib/gcc/riscv32-unknown-elf/13.2.0/libgcc.a(divdf3.o)
 .debug_aranges
                0x00000060       0x20 /opt/riscv/lib/gcc/riscv32-unknown-elf/13.2.0/libgcc.a(ledf2.o)
 .debug_aranges
                0x00000080       0x20 /opt/riscv/lib/gcc/riscv32-unknown-elf/13.2.0/libgcc.a(muldf3.o)
 .debug_aranges
                0x000000a0       0x20 /opt/riscv/lib/gcc/riscv32-unknown-elf/13.2.0/libgcc.a(subdf3.o)
 .debug_aranges
                0x000000c0       0x20 /opt/riscv/lib/gcc/riscv32-unknown-elf/13.2.0/libgcc.a(fixunsdfsi.o)
 .debug_aranges
                0x000000e0       0x20 /opt/riscv/lib/gcc/riscv32-unknown-elf/13.2.0/libgcc.a(floatunsidf.o)
 .debug_aranges
                0x00000100       0x20 /opt/riscv/lib/gcc/riscv32-unknown-elf/13.2.0/libgcc.a(fixunsdfdi.o)
 .debug_aranges
                0x00000120       0x20 /opt/riscv/lib/gcc/riscv32-unknown-elf/13.2.0/libgcc.a(addsf3.o)
 .debug_aranges
                0x00000140       0x20 /opt/riscv/lib/gcc/riscv32-unknown-elf/13.2.0/libgcc.a(mulsf3.o)
 .debug_aranges
                0x00000160       0x20 /opt/riscv/lib/gcc/riscv32-unknown-elf/13.2.0/libgcc.a(fixsfsi.o)
 .debug_aranges
                0x00000180       0x20 /opt/riscv/lib/gcc/riscv32-unknown-elf/13.2.0/libgcc.a(floatsisf.o)
 .debug_aranges
                0x000001a0       0x20 /opt/riscv/lib/gcc/riscv32-unknown-elf/13.2.0/libgcc.a(_ashldi3.o)
 .debug_aranges
                0x000001c0       0x18 /opt/riscv/lib/gcc/riscv32-unknown-elf/13.2.0/libgcc.a(_clz.o)
 .debug_aranges
                0x000001d8       0x20 /opt/riscv/lib/gcc/riscv32-unknown-elf/13.2.0/libgcc.a(_clzsi2.o)

.debug_rnglists
                0x00000000      0x646
 .debug_rnglists
                0x00000000       0x99 /opt/riscv/lib/gcc/riscv32-unknown-elf/13.2.0/libgcc.a(_udivdi3.o)
 .debug_rnglists
                0x00000099       0xc7 /opt/riscv/lib/gcc/riscv32-unknown-elf/13.2.0/libgcc.a(adddf3.o)
 .debug_rnglists
                0x00000160       0xcf /opt/riscv/lib/gcc/riscv32-unknown-elf/13.2.0/libgcc.a(divdf3.o)
 .debug_rnglists
                0x0000022f       0x38 /opt/riscv/lib/gcc/riscv32-unknown-elf/13.2.0/libgcc.a(ledf2.o)
 .debug_rnglists
                0x00000267      0x136 /opt/riscv/lib/gcc/riscv32-unknown-elf/13.2.0/libgcc.a(muldf3.o)
 .debug_rnglists
                0x0000039d       0xc7 /opt/riscv/lib/gcc/riscv32-unknown-elf/13.2.0/libgcc.a(subdf3.o)
 .debug_rnglists
                0x00000464       0x16 /opt/riscv/lib/gcc/riscv32-unknown-elf/13.2.0/libgcc.a(fixunsdfsi.o)
 .debug_rnglists
                0x0000047a       0x2f /opt/riscv/lib/gcc/riscv32-unknown-elf/13.2.0/libgcc.a(floatunsidf.o)
 .debug_rnglists
                0x000004a9       0x21 /opt/riscv/lib/gcc/riscv32-unknown-elf/13.2.0/libgcc.a(fixunsdfdi.o)
 .debug_rnglists
                0x000004ca       0x92 /opt/riscv/lib/gcc/riscv32-unknown-elf/13.2.0/libgcc.a(addsf3.o)
 .debug_rnglists
                0x0000055c       0x7d /opt/riscv/lib/gcc/riscv32-unknown-elf/13.2.0/libgcc.a(mulsf3.o)
 .debug_rnglists
                0x000005d9       0x13 /opt/riscv/lib/gcc/riscv32-unknown-elf/13.2.0/libgcc.a(fixsfsi.o)
 .debug_rnglists
                0x000005ec       0x44 /opt/riscv/lib/gcc/riscv32-unknown-elf/13.2.0/libgcc.a(floatsisf.o)
 .debug_rnglists
                0x00000630       0x16 /opt/riscv/lib/gcc/riscv32-unknown-elf/13.2.0/libgcc.a(_clzsi2.o)

.debug_line     0x00000000     0x72c1
 .debug_line    0x00000000      0x905 /opt/riscv/lib/gcc/riscv32-unknown-elf/13.2.0/libgcc.a(_udivdi3.o)
 .debug_line    0x00000905     0x1224 /opt/riscv/lib/gcc/riscv32-unknown-elf/13.2.0/libgcc.a(adddf3.o)
 .debug_line    0x00001b29     0x106b /opt/riscv/lib/gcc/riscv32-unknown-elf/13.2.0/libgcc.a(divdf3.o)
 .debug_line    0x00002b94      0x372 /opt/riscv/lib/gcc/riscv32-unknown-elf/13.2.0/libgcc.a(ledf2.o)
 .debug_line    0x00002f06      0xfa3 /opt/riscv/lib/gcc/riscv32-unknown-elf/13.2.0/libgcc.a(muldf3.o)
 .debug_line    0x00003ea9     0x1270 /opt/riscv/lib/gcc/riscv32-unknown-elf/13.2.0/libgcc.a(subdf3.o)
 .debug_line    0x00005119      0x1bb /opt/riscv/lib/gcc/riscv32-unknown-elf/13.2.0/libgcc.a(fixunsdfsi.o)
 .debug_line    0x000052d4      0x239 /opt/riscv/lib/gcc/riscv32-unknown-elf/13.2.0/libgcc.a(floatunsidf.o)
 .debug_line    0x0000550d      0x231 /opt/riscv/lib/gcc/riscv32-unknown-elf/13.2.0/libgcc.a(fixunsdfdi.o)
 .debug_line    0x0000573e      0xc15 /opt/riscv/lib/gcc/riscv32-unknown-elf/13.2.0/libgcc.a(addsf3.o)
 .debug_line    0x00006353      0x7e9 /opt/riscv/lib/gcc/riscv32-unknown-elf/13.2.0/libgcc.a(mulsf3.o)
 .debug_line    0x00006b3c      0x209 /opt/riscv/lib/gcc/riscv32-unknown-elf/13.2.0/libgcc.a(fixsfsi.o)
 .debug_line    0x00006d45      0x357 /opt/riscv/lib/gcc/riscv32-unknown-elf/13.2.0/libgcc.a(floatsisf.o)
 .debug_line    0x0000709c      0x107 /opt/riscv/lib/gcc/riscv32-unknown-elf/13.2.0/libgcc.a(_ashldi3.o)
 .debug_line    0x000071a3       0x3f /opt/riscv/lib/gcc/riscv32-unknown-elf/13.2.0/libgcc.a(_clz.o)
 .debug_line    0x000071e2       0xdf /opt/riscv/lib/gcc/riscv32-unknown-elf/13.2.0/libgcc.a(_clzsi2.o)

.debug_str      0x00000000      0x876
 .debug_str     0x00000000      0x876 /opt/riscv/lib/gcc/riscv32-unknown-elf/13.2.0/libgcc.a(_udivdi3.o)
                                0x271 (size before relaxing)
 .debug_str     0x00000876      0x2b1 /opt/riscv/lib/gcc/riscv32-unknown-elf/13.2.0/libgcc.a(adddf3.o)
 .debug_str     0x00000876      0x373 /opt/riscv/lib/gcc/riscv32-unknown-elf/13.2.0/libgcc.a(divdf3.o)
 .debug_str     0x00000876      0x1e7 /opt/riscv/lib/gcc/riscv32-unknown-elf/13.2.0/libgcc.a(ledf2.o)
 .debug_str     0x00000876      0x3cb /opt/riscv/lib/gcc/riscv32-unknown-elf/13.2.0/libgcc.a(muldf3.o)
 .debug_str     0x00000876      0x2b1 /opt/riscv/lib/gcc/riscv32-unknown-elf/13.2.0/libgcc.a(subdf3.o)
 .debug_str     0x00000876      0x1ba /opt/riscv/lib/gcc/riscv32-unknown-elf/13.2.0/libgcc.a(fixunsdfsi.o)
 .debug_str     0x00000876      0x256 /opt/riscv/lib/gcc/riscv32-unknown-elf/13.2.0/libgcc.a(floatunsidf.o)
 .debug_str     0x00000876      0x1c4 /opt/riscv/lib/gcc/riscv32-unknown-elf/13.2.0/libgcc.a(fixunsdfdi.o)
 .debug_str     0x00000876      0x274 /opt/riscv/lib/gcc/riscv32-unknown-elf/13.2.0/libgcc.a(addsf3.o)
 .debug_str     0x00000876      0x299 /opt/riscv/lib/gcc/riscv32-unknown-elf/13.2.0/libgcc.a(mulsf3.o)
 .debug_str     0x00000876      0x1ac /opt/riscv/lib/gcc/riscv32-unknown-elf/13.2.0/libgcc.a(fixsfsi.o)
 .debug_str     0x00000876      0x23c /opt/riscv/lib/gcc/riscv32-unknown-elf/13.2.0/libgcc.a(floatsisf.o)
 .debug_str     0x00000876      0x1fb /opt/riscv/lib/gcc/riscv32-unknown-elf/13.2.0/libgcc.a(_ashldi3.o)
 .debug_str     0x00000876      0x1be /opt/riscv/lib/gcc/riscv32-unknown-elf/13.2.0/libgcc.a(_clz.o)
 .debug_str     0x00000876      0x1db /opt/riscv/lib/gcc/riscv32-unknown-elf/13.2.0/libgcc.a(_clzsi2.o)

.debug_line_str
                0x00000000      0x2c7
 .debug_line_str
                0x00000000      0x2c7 /opt/riscv/lib/gcc/riscv32-unknown-elf/13.2.0/libgcc.a(_udivdi3.o)
                                0x106 (size before relaxing)
 .debug_line_str
                0x000002c7      0x112 /opt/riscv/lib/gcc/riscv32-unknown-elf/13.2.0/libgcc.a(adddf3.o)
 .debug_line_str
                0x000002c7      0x11c /opt/riscv/lib/gcc/riscv32-unknown-elf/13.2.0/libgcc.a(divdf3.o)
 .debug_line_str
                0x000002c7      0x11f /opt/riscv/lib/gcc/riscv32-unknown-elf/13.2.0/libgcc.a(ledf2.o)
 .debug_line_str
                0x000002c7      0x11c /opt/riscv/lib/gcc/riscv32-unknown-elf/13.2.0/libgcc.a(muldf3.o)
 .debug_line_str
                0x000002c7      0x112 /opt/riscv/lib/gcc/riscv32-unknown-elf/13.2.0/libgcc.a(subdf3.o)
 .debug_line_str
                0x000002c7      0x128 /opt/riscv/lib/gcc/riscv32-unknown-elf/13.2.0/libgcc.a(fixunsdfsi.o)
 .debug_line_str
                0x000002c7      0x12b /opt/riscv/lib/gcc/riscv32-unknown-elf/13.2.0/libgcc.a(floatunsidf.o)
 .debug_line_str
                0x000002c7      0x128 /opt/riscv/lib/gcc/riscv32-unknown-elf/13.2.0/libgcc.a(fixunsdfdi.o)
 .debug_line_str
                0x000002c7      0x112 /opt/riscv/lib/gcc/riscv32-unknown-elf/13.2.0/libgcc.a(addsf3.o)
 .debug_line_str
                0x000002c7      0x11c /opt/riscv/lib/gcc/riscv32-unknown-elf/13.2.0/libgcc.a(mulsf3.o)
 .debug_line_str
                0x000002c7      0x11f /opt/riscv/lib/gcc/riscv32-unknown-elf/13.2.0/libgcc.a(fixsfsi.o)
 .debug_line_str
                0x000002c7      0x125 /opt/riscv/lib/gcc/riscv32-unknown-elf/13.2.0/libgcc.a(floatsisf.o)
 .debug_line_str
                0x000002c7      0x106 /opt/riscv/lib/gcc/riscv32-unknown-elf/13.2.0/libgcc.a(_ashldi3.o)
 .debug_line_str
                0x000002c7      0x106 /opt/riscv/lib/gcc/riscv32-unknown-elf/13.2.0/libgcc.a(_clz.o)
 .debug_line_str
                0x000002c7      0x106 /opt/riscv/lib/gcc/riscv32-unknown-elf/13.2.0/libgcc.a(_clzsi2.o)

.debug_frame    0x00000000      0x2f4
 .debug_frame   0x00000000       0x44 /opt/riscv/lib/gcc/riscv32-unknown-elf/13.2.0/libgcc.a(adddf3.o)
 .debug_frame   0x00000044       0x54 /opt/riscv/lib/gcc/riscv32-unknown-elf/13.2.0/libgcc.a(divdf3.o)
 .debug_frame   0x00000098       0x20 /opt/riscv/lib/gcc/riscv32-unknown-elf/13.2.0/libgcc.a(ledf2.o)
 .debug_frame   0x000000b8       0x54 /opt/riscv/lib/gcc/riscv32-unknown-elf/13.2.0/libgcc.a(muldf3.o)
 .debug_frame   0x0000010c       0x44 /opt/riscv/lib/gcc/riscv32-unknown-elf/13.2.0/libgcc.a(subdf3.o)
 .debug_frame   0x00000150       0x20 /opt/riscv/lib/gcc/riscv32-unknown-elf/13.2.0/libgcc.a(fixunsdfsi.o)
 .debug_frame   0x00000170       0x34 /opt/riscv/lib/gcc/riscv32-unknown-elf/13.2.0/libgcc.a(floatunsidf.o)
 .debug_frame   0x000001a4       0x2c /opt/riscv/lib/gcc/riscv32-unknown-elf/13.2.0/libgcc.a(fixunsdfdi.o)
 .debug_frame   0x000001d0       0x40 /opt/riscv/lib/gcc/riscv32-unknown-elf/13.2.0/libgcc.a(addsf3.o)
 .debug_frame   0x00000210       0x4c /opt/riscv/lib/gcc/riscv32-unknown-elf/13.2.0/libgcc.a(mulsf3.o)
 .debug_frame   0x0000025c       0x20 /opt/riscv/lib/gcc/riscv32-unknown-elf/13.2.0/libgcc.a(fixsfsi.o)
 .debug_frame   0x0000027c       0x38 /opt/riscv/lib/gcc/riscv32-unknown-elf/13.2.0/libgcc.a(floatsisf.o)
 .debug_frame   0x000002b4       0x20 /opt/riscv/lib/gcc/riscv32-unknown-elf/13.2.0/libgcc.a(_ashldi3.o)
 .debug_frame   0x000002d4       0x20 /opt/riscv/lib/gcc/riscv32-unknown-elf/13.2.0/libgcc.a(_clzsi2.o)
