Archive member included to satisfy reference by file (symbol)

./libelibc.a(crt0.o)          (crt0)
./libelibc.a(stdio.o)         core_main.o (printf)
./libelibc.a(stdlib.o)        core_portme.o (malloc)
./libelibc.a(string.o)        ./libelibc.a(stdlib.o) (memset)
./libelibc.a(time.o)          core_portme.o (clock)
./libelibc.a(uart.o)          ./libelibc.a(stdio.o) (inbyte)
/opt/riscv/lib/gcc/riscv32-unknown-elf/13.2.0/libgcc.a(_udivdi3.o)
                              ./libelibc.a(stdio.o) (__udivdi3)
/opt/riscv/lib/gcc/riscv32-unknown-elf/13.2.0/libgcc.a(adddf3.o)
                              ./libelibc.a(stdio.o) (__adddf3)
/opt/riscv/lib/gcc/riscv32-unknown-elf/13.2.0/libgcc.a(divdf3.o)
                              core_main.o (__divdf3)
/opt/riscv/lib/gcc/riscv32-unknown-elf/13.2.0/libgcc.a(gedf2.o)
                              core_main.o (__gtdf2)
/opt/riscv/lib/gcc/riscv32-unknown-elf/13.2.0/libgcc.a(ledf2.o)
                              core_main.o (__ltdf2)
/opt/riscv/lib/gcc/riscv32-unknown-elf/13.2.0/libgcc.a(muldf3.o)
                              ./libelibc.a(stdio.o) (__muldf3)
/opt/riscv/lib/gcc/riscv32-unknown-elf/13.2.0/libgcc.a(subdf3.o)
                              ./libelibc.a(stdio.o) (__subdf3)
/opt/riscv/lib/gcc/riscv32-unknown-elf/13.2.0/libgcc.a(fixunsdfsi.o)
                              core_main.o (__fixunsdfsi)
/opt/riscv/lib/gcc/riscv32-unknown-elf/13.2.0/libgcc.a(floatunsidf.o)
                              core_main.o (__floatunsidf)
/opt/riscv/lib/gcc/riscv32-unknown-elf/13.2.0/libgcc.a(fixunsdfdi.o)
                              ./libelibc.a(stdio.o) (__fixunsdfdi)
/opt/riscv/lib/gcc/riscv32-unknown-elf/13.2.0/libgcc.a(_ashldi3.o)
                              /opt/riscv/lib/gcc/riscv32-unknown-elf/13.2.0/libgcc.a(fixunsdfdi.o) (__ashldi3)
/opt/riscv/lib/gcc/riscv32-unknown-elf/13.2.0/libgcc.a(_clz.o)
                              /opt/riscv/lib/gcc/riscv32-unknown-elf/13.2.0/libgcc.a(_udivdi3.o) (__clz_tab)
/opt/riscv/lib/gcc/riscv32-unknown-elf/13.2.0/libgcc.a(_clzsi2.o)
                              /opt/riscv/lib/gcc/riscv32-unknown-elf/13.2.0/libgcc.a(adddf3.o) (__clzsi2)

There are no discarded input sections

Memory Configuration

Name             Origin             Length             Attributes
code_ram         0x00001000         0x00007000         xr!rw
data_ram         0x00008000         0x00008000         rw!x
*default*        0x00000000         0xffffffff

Linker script and memory map

                0x00002000                        __stack_size = 0x2000
                0x00002000                        __heap_size = 0x2000

.text           0x00001000     0x5348
 *(.text*)
 .text          0x00001000       0x88 core_main.o
                0x00001000                iterate
 .text.startup  0x00001088      0x82c core_main.o
                0x00001088                main
 .text          0x000018b4       0x9c core_portme.o
                0x000018b4                portable_malloc
                0x000018b8                portable_free
                0x000018bc                start_time
                0x000018dc                stop_time
                0x000018fc                get_time
                0x00001914                time_in_secs
                0x0000193c                portable_init
                0x00001948                portable_fini
 .text          0x00001950      0x124 core_util.o
                0x00001950                get_seed_32
                0x000019b4                crcu8
                0x000019fc                crcu16
                0x00001a2c                crcu32
                0x00001a60                crc16
                0x00001a6c                check_data_types
 .text          0x00001a74      0x84c core_list_join.o
                0x00001a74                cmp_idx
                0x00001ad0                calc_func
                0x00001bf4                cmp_complex
                0x00001c40                copy_info
                0x00001c54                core_list_insert_new
                0x00001cb4                core_list_remove
                0x00001cdc                core_list_undo_remove
                0x00001cfc                core_list_find
                0x00001d50                core_list_reverse
                0x00001d74                core_list_mergesort
                0x00001ec4                core_bench_list
                0x000020fc                core_list_init
 .text          0x000022c0      0x5e8 core_matrix.o
                0x000022c0                core_init_matrix
                0x00002414                matrix_sum
                0x000024a8                matrix_mul_const
                0x00002500                matrix_add_const
                0x0000254c                matrix_mul_vect
                0x000025a4                matrix_mul_matrix
                0x00002650                matrix_mul_matrix_bitextract
                0x00002710                matrix_test
                0x0000286c                core_bench_matrix
 .text          0x000028a8      0x5d8 core_state.o
                0x000028a8                core_init_state
                0x000029f4                core_state_transition
                0x00002ce0                core_bench_state
 .text          0x00002e80       0x30 ./libelibc.a(crt0.o)
                0x00002e80                crt0
 .text          0x00002eb0      0xa2c ./libelibc.a(stdio.o)
                0x00002eb0                getchar
                0x00002ec8                putchar
                0x00002ef4                fputs
                0x00002f6c                fgets
                0x00003020                putd
                0x00003158                putx
                0x0000327c                putld
                0x000034dc                putf
                0x00003698                printf
 .text          0x000038dc      0x2c0 ./libelibc.a(stdlib.o)
                0x000038dc                exit
                0x00003928                malloc
                0x00003a50                free
                0x00003a7c                calloc
                0x00003ab8                atoi
                0x00003b50                abs
                0x00003b60                srand
                0x00003b6c                rand
 .text          0x00003b9c      0x270 ./libelibc.a(string.o)
                0x00003b9c                memcpy
                0x00003bc0                memmove
                0x00003c1c                memset
                0x00003c3c                strlen
                0x00003c64                strcpy
                0x00003c8c                strncpy
                0x00003cf4                strcat
                0x00003d38                strncat
                0x00003d8c                strcmp
                0x00003dc8                strncmp
 .text          0x00003e0c       0xb4 ./libelibc.a(time.o)
                0x00003e0c                clock
 .text          0x00003ec0       0x70 ./libelibc.a(uart.o)
                0x00003ec0                inbyte
                0x00003ee4                outbyte
 .text          0x00003f30      0x430 /opt/riscv/lib/gcc/riscv32-unknown-elf/13.2.0/libgcc.a(_udivdi3.o)
                0x00003f30                __udivdi3
 .text          0x00004360      0x794 /opt/riscv/lib/gcc/riscv32-unknown-elf/13.2.0/libgcc.a(adddf3.o)
                0x00004360                __adddf3
 .text          0x00004af4      0x6dc /opt/riscv/lib/gcc/riscv32-unknown-elf/13.2.0/libgcc.a(divdf3.o)
                0x00004af4                __divdf3
 .text          0x000051d0       0xdc /opt/riscv/lib/gcc/riscv32-unknown-elf/13.2.0/libgcc.a(gedf2.o)
                0x000051d0                __gtdf2
                0x000051d0                __gedf2
 .text          0x000052ac       0xdc /opt/riscv/lib/gcc/riscv32-unknown-elf/13.2.0/libgcc.a(ledf2.o)
                0x000052ac                __ltdf2
                0x000052ac                __ledf2
 .text          0x00005388      0x5f0 /opt/riscv/lib/gcc/riscv32-unknown-elf/13.2.0/libgcc.a(muldf3.o)
                0x00005388                __muldf3
 .text          0x00005978      0x7a8 /opt/riscv/lib/gcc/riscv32-unknown-elf/13.2.0/libgcc.a(subdf3.o)
                0x00005978                __subdf3
 .text          0x00006120       0x7c /opt/riscv/lib/gcc/riscv32-unknown-elf/13.2.0/libgcc.a(fixunsdfsi.o)
                0x00006120                __fixunsdfsi
 .text          0x0000619c       0x80 /opt/riscv/lib/gcc/riscv32-unknown-elf/13.2.0/libgcc.a(floatunsidf.o)
                0x0000619c                __floatunsidf
 .text          0x0000621c       0xa8 /opt/riscv/lib/gcc/riscv32-unknown-elf/13.2.0/libgcc.a(fixunsdfdi.o)
                0x0000621c                __fixunsdfdi
 .text          0x000062c4       0x38 /opt/riscv/lib/gcc/riscv32-unknown-elf/13.2.0/libgcc.a(_ashldi3.o)
                0x000062c4                __ashldi3
 .text          0x000062fc        0x0 /opt/riscv/lib/gcc/riscv32-unknown-elf/13.2.0/libgcc.a(_clz.o)
 .text          0x000062fc       0x4c /opt/riscv/lib/gcc/riscv32-unknown-elf/13.2.0/libgcc.a(_clzsi2.o)
                0x000062fc                __clzsi2

.eh_frame       0x00006348       0x28
 .eh_frame      0x00006348       0x28 /opt/riscv/lib/gcc/riscv32-unknown-elf/13.2.0/libgcc.a(_udivdi3.o)

.data           0x00008000      0x960
 *(.rela.srodata)
 .rela.srodata  0x00008000        0x0 core_main.o
 *(.rela.sdata)
 .rela.sdata    0x00008000        0x0 core_main.o
 *(.data)
 .data          0x00008000        0xc core_main.o
                0x00008000                mem_name
 .data          0x0000800c        0x0 core_portme.o
 .data          0x0000800c        0x0 core_util.o
 .data          0x0000800c        0x0 core_list_join.o
 .data          0x0000800c        0x0 core_matrix.o
 .data          0x0000800c        0x0 core_state.o
 .data          0x0000800c        0x0 ./libelibc.a(crt0.o)
 .data          0x0000800c        0x0 ./libelibc.a(stdio.o)
 .data          0x0000800c        0x0 ./libelibc.a(stdlib.o)
 .data          0x0000800c        0x0 ./libelibc.a(string.o)
 .data          0x0000800c        0x0 ./libelibc.a(time.o)
 .data          0x0000800c        0x0 ./libelibc.a(uart.o)
 .data          0x0000800c        0x0 /opt/riscv/lib/gcc/riscv32-unknown-elf/13.2.0/libgcc.a(_udivdi3.o)
 .data          0x0000800c        0x0 /opt/riscv/lib/gcc/riscv32-unknown-elf/13.2.0/libgcc.a(adddf3.o)
 .data          0x0000800c        0x0 /opt/riscv/lib/gcc/riscv32-unknown-elf/13.2.0/libgcc.a(divdf3.o)
 .data          0x0000800c        0x0 /opt/riscv/lib/gcc/riscv32-unknown-elf/13.2.0/libgcc.a(gedf2.o)
 .data          0x0000800c        0x0 /opt/riscv/lib/gcc/riscv32-unknown-elf/13.2.0/libgcc.a(ledf2.o)
 .data          0x0000800c        0x0 /opt/riscv/lib/gcc/riscv32-unknown-elf/13.2.0/libgcc.a(muldf3.o)
 .data          0x0000800c        0x0 /opt/riscv/lib/gcc/riscv32-unknown-elf/13.2.0/libgcc.a(subdf3.o)
 .data          0x0000800c        0x0 /opt/riscv/lib/gcc/riscv32-unknown-elf/13.2.0/libgcc.a(fixunsdfsi.o)
 .data          0x0000800c        0x0 /opt/riscv/lib/gcc/riscv32-unknown-elf/13.2.0/libgcc.a(floatunsidf.o)
 .data          0x0000800c        0x0 /opt/riscv/lib/gcc/riscv32-unknown-elf/13.2.0/libgcc.a(fixunsdfdi.o)
 .data          0x0000800c        0x0 /opt/riscv/lib/gcc/riscv32-unknown-elf/13.2.0/libgcc.a(_ashldi3.o)
 .data          0x0000800c        0x0 /opt/riscv/lib/gcc/riscv32-unknown-elf/13.2.0/libgcc.a(_clz.o)
 .data          0x0000800c        0x0 /opt/riscv/lib/gcc/riscv32-unknown-elf/13.2.0/libgcc.a(_clzsi2.o)
 *(.data*)
 *(.bss)
 .bss           0x0000800c        0x0 core_main.o
 .bss           0x0000800c        0x0 core_portme.o
 .bss           0x0000800c        0x0 core_util.o
 .bss           0x0000800c        0x0 core_list_join.o
 .bss           0x0000800c        0x0 core_matrix.o
 .bss           0x0000800c        0x0 core_state.o
 .bss           0x0000800c        0x0 ./libelibc.a(crt0.o)
 .bss           0x0000800c        0x0 ./libelibc.a(stdio.o)
 .bss           0x0000800c        0x0 ./libelibc.a(stdlib.o)
 .bss           0x0000800c        0x0 ./libelibc.a(string.o)
 .bss           0x0000800c        0x0 ./libelibc.a(time.o)
 .bss           0x0000800c        0x0 ./libelibc.a(uart.o)
 .bss           0x0000800c        0x0 /opt/riscv/lib/gcc/riscv32-unknown-elf/13.2.0/libgcc.a(_udivdi3.o)
 .bss           0x0000800c        0x0 /opt/riscv/lib/gcc/riscv32-unknown-elf/13.2.0/libgcc.a(adddf3.o)
 .bss           0x0000800c        0x0 /opt/riscv/lib/gcc/riscv32-unknown-elf/13.2.0/libgcc.a(divdf3.o)
 .bss           0x0000800c        0x0 /opt/riscv/lib/gcc/riscv32-unknown-elf/13.2.0/libgcc.a(gedf2.o)
 .bss           0x0000800c        0x0 /opt/riscv/lib/gcc/riscv32-unknown-elf/13.2.0/libgcc.a(ledf2.o)
 .bss           0x0000800c        0x0 /opt/riscv/lib/gcc/riscv32-unknown-elf/13.2.0/libgcc.a(muldf3.o)
 .bss           0x0000800c        0x0 /opt/riscv/lib/gcc/riscv32-unknown-elf/13.2.0/libgcc.a(subdf3.o)
 .bss           0x0000800c        0x0 /opt/riscv/lib/gcc/riscv32-unknown-elf/13.2.0/libgcc.a(fixunsdfsi.o)
 .bss           0x0000800c        0x0 /opt/riscv/lib/gcc/riscv32-unknown-elf/13.2.0/libgcc.a(floatunsidf.o)
 .bss           0x0000800c        0x0 /opt/riscv/lib/gcc/riscv32-unknown-elf/13.2.0/libgcc.a(fixunsdfdi.o)
 .bss           0x0000800c        0x0 /opt/riscv/lib/gcc/riscv32-unknown-elf/13.2.0/libgcc.a(_ashldi3.o)
 .bss           0x0000800c        0x0 /opt/riscv/lib/gcc/riscv32-unknown-elf/13.2.0/libgcc.a(_clz.o)
 .bss           0x0000800c        0x0 /opt/riscv/lib/gcc/riscv32-unknown-elf/13.2.0/libgcc.a(_clzsi2.o)
 *(.rodata*)
 .rodata.str1.4
                0x0000800c      0x5ed core_main.o
                                0x4ba (size before relaxing)
 *fill*         0x000085f9        0x3 
 .rodata        0x000085fc       0x22 core_main.o
 *fill*         0x0000861e        0x2 
 .rodata        0x00008620       0x18 core_util.o
 .rodata.str1.4
                0x00008638       0xad core_state.o
 .rodata        0x00008638       0x40 core_state.o
 .rodata.str1.4
                0x00008678       0x7d ./libelibc.a(stdio.o)
 .rodata        0x00008678       0x84 ./libelibc.a(stdio.o)
 .rodata        0x000086fc       0xa8 ./libelibc.a(stdlib.o)
 .rodata        0x000087a4       0x3c /opt/riscv/lib/gcc/riscv32-unknown-elf/13.2.0/libgcc.a(divdf3.o)
 .rodata        0x000087e0      0x100 /opt/riscv/lib/gcc/riscv32-unknown-elf/13.2.0/libgcc.a(_clz.o)
                0x000087e0                __clz_tab
 *(.srodata*)
 .srodata.cst8  0x000088e0       0x20 core_main.o
                                  0x8 (size before relaxing)
 .srodata.cst8  0x00008900        0x8 core_portme.o
 .srodata.cst8  0x00008900       0x18 ./libelibc.a(stdio.o)
 .srodata       0x00008900        0x8 ./libelibc.a(stdlib.o)
 *(.sdata*)
 .sdata         0x00008908        0xc core_portme.o
                0x00008908                default_num_contexts
                0x0000890c                seed4_volatile
                0x00008910                seed3_volatile
 .sdata         0x00008914        0x4 ./libelibc.a(crt0.o)
                0x00008914                stack_top
 .sdata         0x00008918       0x1c ./libelibc.a(stdio.o)
                0x00008918                stderr
                0x0000891c                stdout
                0x00008920                stdin
 .sdata         0x00008934        0xc ./libelibc.a(stdlib.o)
 *(.sbss*)
 .sbss          0x00008940       0x14 core_portme.o
                0x00008948                seed5_volatile
                0x0000894c                seed2_volatile
                0x00008950                seed1_volatile
 .sbss          0x00008954        0x4 ./libelibc.a(crt0.o)
                0x00008954                sp_store
 .sbss          0x00008958        0x8 ./libelibc.a(stdio.o)

.heap           0x00008960     0x2000
                0x00008960                        __heap_start = .
                0x0000a960                        . = (. + __heap_size)
 *fill*         0x00008960     0x2000 

.stack          0x0000a960     0x2000
                0x0000c960                        . = (. + __stack_size)
 *fill*         0x0000a960     0x2000 
                0x0000c960                        __stack_top = .
LOAD core_main.o
LOAD core_portme.o
LOAD core_util.o
LOAD core_list_join.o
LOAD core_matrix.o
LOAD core_state.o
LOAD ./libelibc.a
LOAD /opt/riscv/lib/gcc/riscv32-unknown-elf/13.2.0/libgcc.a
LOAD /opt/riscv/riscv32-unknown-elf/lib/libm.a
OUTPUT(coremark.elf elf32-littleriscv)

.comment        0x00000000        0xf
 .comment       0x00000000        0xf core_main.o
                                 0x10 (size before relaxing)
 .comment       0x0000000f       0x10 core_portme.o
 .comment       0x0000000f       0x10 core_util.o
 .comment       0x0000000f       0x10 core_list_join.o
 .comment       0x0000000f       0x10 core_matrix.o
 .comment       0x0000000f       0x10 core_state.o
 .comment       0x0000000f       0x10 ./libelibc.a(crt0.o)
 .comment       0x0000000f       0x10 ./libelibc.a(stdio.o)
 .comment       0x0000000f       0x10 ./libelibc.a(stdlib.o)
 .comment       0x0000000f       0x10 ./libelibc.a(string.o)
 .comment       0x0000000f       0x10 ./libelibc.a(time.o)
 .comment       0x0000000f       0x10 ./libelibc.a(uart.o)
 .comment       0x0000000f       0x10 /opt/riscv/lib/gcc/riscv32-unknown-elf/13.2.0/libgcc.a(_udivdi3.o)
 .comment       0x0000000f       0x10 /opt/riscv/lib/gcc/riscv32-unknown-elf/13.2.0/libgcc.a(adddf3.o)
 .comment       0x0000000f       0x10 /opt/riscv/lib/gcc/riscv32-unknown-elf/13.2.0/libgcc.a(divdf3.o)
 .comment       0x0000000f       0x10 /opt/riscv/lib/gcc/riscv32-unknown-elf/13.2.0/libgcc.a(gedf2.o)
 .comment       0x0000000f       0x10 /opt/riscv/lib/gcc/riscv32-unknown-elf/13.2.0/libgcc.a(ledf2.o)
 .comment       0x0000000f       0x10 /opt/riscv/lib/gcc/riscv32-unknown-elf/13.2.0/libgcc.a(muldf3.o)
 .comment       0x0000000f       0x10 /opt/riscv/lib/gcc/riscv32-unknown-elf/13.2.0/libgcc.a(subdf3.o)
 .comment       0x0000000f       0x10 /opt/riscv/lib/gcc/riscv32-unknown-elf/13.2.0/libgcc.a(fixunsdfsi.o)
 .comment       0x0000000f       0x10 /opt/riscv/lib/gcc/riscv32-unknown-elf/13.2.0/libgcc.a(floatunsidf.o)
 .comment       0x0000000f       0x10 /opt/riscv/lib/gcc/riscv32-unknown-elf/13.2.0/libgcc.a(fixunsdfdi.o)
 .comment       0x0000000f       0x10 /opt/riscv/lib/gcc/riscv32-unknown-elf/13.2.0/libgcc.a(_ashldi3.o)
 .comment       0x0000000f       0x10 /opt/riscv/lib/gcc/riscv32-unknown-elf/13.2.0/libgcc.a(_clz.o)
 .comment       0x0000000f       0x10 /opt/riscv/lib/gcc/riscv32-unknown-elf/13.2.0/libgcc.a(_clzsi2.o)

.riscv.attributes
                0x00000000       0x48
 .riscv.attributes
                0x00000000       0x44 core_main.o
 .riscv.attributes
                0x00000044       0x44 core_portme.o
 .riscv.attributes
                0x00000088       0x44 core_util.o
 .riscv.attributes
                0x000000cc       0x44 core_list_join.o
 .riscv.attributes
                0x00000110       0x44 core_matrix.o
 .riscv.attributes
                0x00000154       0x44 core_state.o
 .riscv.attributes
                0x00000198       0x44 ./libelibc.a(crt0.o)
 .riscv.attributes
                0x000001dc       0x44 ./libelibc.a(stdio.o)
 .riscv.attributes
                0x00000220       0x44 ./libelibc.a(stdlib.o)
 .riscv.attributes
                0x00000264       0x44 ./libelibc.a(string.o)
 .riscv.attributes
                0x000002a8       0x48 ./libelibc.a(time.o)
 .riscv.attributes
                0x000002f0       0x44 ./libelibc.a(uart.o)
 .riscv.attributes
                0x00000334       0x3b /opt/riscv/lib/gcc/riscv32-unknown-elf/13.2.0/libgcc.a(_udivdi3.o)
 .riscv.attributes
                0x0000036f       0x3b /opt/riscv/lib/gcc/riscv32-unknown-elf/13.2.0/libgcc.a(adddf3.o)
 .riscv.attributes
                0x000003aa       0x3b /opt/riscv/lib/gcc/riscv32-unknown-elf/13.2.0/libgcc.a(divdf3.o)
 .riscv.attributes
                0x000003e5       0x3b /opt/riscv/lib/gcc/riscv32-unknown-elf/13.2.0/libgcc.a(gedf2.o)
 .riscv.attributes
                0x00000420       0x3b /opt/riscv/lib/gcc/riscv32-unknown-elf/13.2.0/libgcc.a(ledf2.o)
 .riscv.attributes
                0x0000045b       0x3b /opt/riscv/lib/gcc/riscv32-unknown-elf/13.2.0/libgcc.a(muldf3.o)
 .riscv.attributes
                0x00000496       0x3b /opt/riscv/lib/gcc/riscv32-unknown-elf/13.2.0/libgcc.a(subdf3.o)
 .riscv.attributes
                0x000004d1       0x3b /opt/riscv/lib/gcc/riscv32-unknown-elf/13.2.0/libgcc.a(fixunsdfsi.o)
 .riscv.attributes
                0x0000050c       0x3b /opt/riscv/lib/gcc/riscv32-unknown-elf/13.2.0/libgcc.a(floatunsidf.o)
 .riscv.attributes
                0x00000547       0x3b /opt/riscv/lib/gcc/riscv32-unknown-elf/13.2.0/libgcc.a(fixunsdfdi.o)
 .riscv.attributes
                0x00000582       0x3b /opt/riscv/lib/gcc/riscv32-unknown-elf/13.2.0/libgcc.a(_ashldi3.o)
 .riscv.attributes
                0x000005bd       0x3b /opt/riscv/lib/gcc/riscv32-unknown-elf/13.2.0/libgcc.a(_clz.o)
 .riscv.attributes
                0x000005f8       0x3b /opt/riscv/lib/gcc/riscv32-unknown-elf/13.2.0/libgcc.a(_clzsi2.o)

.debug_info     0x00000000     0x2c92
 .debug_info    0x00000000      0x76f /opt/riscv/lib/gcc/riscv32-unknown-elf/13.2.0/libgcc.a(_udivdi3.o)
 .debug_info    0x0000076f      0x501 /opt/riscv/lib/gcc/riscv32-unknown-elf/13.2.0/libgcc.a(adddf3.o)
 .debug_info    0x00000c70      0x67b /opt/riscv/lib/gcc/riscv32-unknown-elf/13.2.0/libgcc.a(divdf3.o)
 .debug_info    0x000012eb      0x225 /opt/riscv/lib/gcc/riscv32-unknown-elf/13.2.0/libgcc.a(gedf2.o)
 .debug_info    0x00001510      0x225 /opt/riscv/lib/gcc/riscv32-unknown-elf/13.2.0/libgcc.a(ledf2.o)
 .debug_info    0x00001735      0x6a4 /opt/riscv/lib/gcc/riscv32-unknown-elf/13.2.0/libgcc.a(muldf3.o)
 .debug_info    0x00001dd9      0x501 /opt/riscv/lib/gcc/riscv32-unknown-elf/13.2.0/libgcc.a(subdf3.o)
 .debug_info    0x000022da      0x1ad /opt/riscv/lib/gcc/riscv32-unknown-elf/13.2.0/libgcc.a(fixunsdfsi.o)
 .debug_info    0x00002487      0x25d /opt/riscv/lib/gcc/riscv32-unknown-elf/13.2.0/libgcc.a(floatunsidf.o)
 .debug_info    0x000026e4      0x1c9 /opt/riscv/lib/gcc/riscv32-unknown-elf/13.2.0/libgcc.a(fixunsdfdi.o)
 .debug_info    0x000028ad      0x1af /opt/riscv/lib/gcc/riscv32-unknown-elf/13.2.0/libgcc.a(_ashldi3.o)
 .debug_info    0x00002a5c       0xe6 /opt/riscv/lib/gcc/riscv32-unknown-elf/13.2.0/libgcc.a(_clz.o)
 .debug_info    0x00002b42      0x150 /opt/riscv/lib/gcc/riscv32-unknown-elf/13.2.0/libgcc.a(_clzsi2.o)

.debug_abbrev   0x00000000     0x10c0
 .debug_abbrev  0x00000000      0x1a6 /opt/riscv/lib/gcc/riscv32-unknown-elf/13.2.0/libgcc.a(_udivdi3.o)
 .debug_abbrev  0x000001a6      0x176 /opt/riscv/lib/gcc/riscv32-unknown-elf/13.2.0/libgcc.a(adddf3.o)
 .debug_abbrev  0x0000031c      0x173 /opt/riscv/lib/gcc/riscv32-unknown-elf/13.2.0/libgcc.a(divdf3.o)
 .debug_abbrev  0x0000048f      0x166 /opt/riscv/lib/gcc/riscv32-unknown-elf/13.2.0/libgcc.a(gedf2.o)
 .debug_abbrev  0x000005f5      0x166 /opt/riscv/lib/gcc/riscv32-unknown-elf/13.2.0/libgcc.a(ledf2.o)
 .debug_abbrev  0x0000075b      0x185 /opt/riscv/lib/gcc/riscv32-unknown-elf/13.2.0/libgcc.a(muldf3.o)
 .debug_abbrev  0x000008e0      0x176 /opt/riscv/lib/gcc/riscv32-unknown-elf/13.2.0/libgcc.a(subdf3.o)
 .debug_abbrev  0x00000a56      0x162 /opt/riscv/lib/gcc/riscv32-unknown-elf/13.2.0/libgcc.a(fixunsdfsi.o)
 .debug_abbrev  0x00000bb8      0x163 /opt/riscv/lib/gcc/riscv32-unknown-elf/13.2.0/libgcc.a(floatunsidf.o)
 .debug_abbrev  0x00000d1b      0x15f /opt/riscv/lib/gcc/riscv32-unknown-elf/13.2.0/libgcc.a(fixunsdfdi.o)
 .debug_abbrev  0x00000e7a      0x10c /opt/riscv/lib/gcc/riscv32-unknown-elf/13.2.0/libgcc.a(_ashldi3.o)
 .debug_abbrev  0x00000f86       0x70 /opt/riscv/lib/gcc/riscv32-unknown-elf/13.2.0/libgcc.a(_clz.o)
 .debug_abbrev  0x00000ff6       0xca /opt/riscv/lib/gcc/riscv32-unknown-elf/13.2.0/libgcc.a(_clzsi2.o)

.debug_loclists
                0x00000000     0x38b3
 .debug_loclists
                0x00000000      0x704 /opt/riscv/lib/gcc/riscv32-unknown-elf/13.2.0/libgcc.a(_udivdi3.o)
 .debug_loclists
                0x00000704      0xabf /opt/riscv/lib/gcc/riscv32-unknown-elf/13.2.0/libgcc.a(adddf3.o)
 .debug_loclists
                0x000011c3      0xf50 /opt/riscv/lib/gcc/riscv32-unknown-elf/13.2.0/libgcc.a(divdf3.o)
 .debug_loclists
                0x00002113       0xdc /opt/riscv/lib/gcc/riscv32-unknown-elf/13.2.0/libgcc.a(gedf2.o)
 .debug_loclists
                0x000021ef       0xdc /opt/riscv/lib/gcc/riscv32-unknown-elf/13.2.0/libgcc.a(ledf2.o)
 .debug_loclists
                0x000022cb      0x7f5 /opt/riscv/lib/gcc/riscv32-unknown-elf/13.2.0/libgcc.a(muldf3.o)
 .debug_loclists
                0x00002ac0      0xac4 /opt/riscv/lib/gcc/riscv32-unknown-elf/13.2.0/libgcc.a(subdf3.o)
 .debug_loclists
                0x00003584       0x90 /opt/riscv/lib/gcc/riscv32-unknown-elf/13.2.0/libgcc.a(fixunsdfsi.o)
 .debug_loclists
                0x00003614       0xb4 /opt/riscv/lib/gcc/riscv32-unknown-elf/13.2.0/libgcc.a(floatunsidf.o)
 .debug_loclists
                0x000036c8      0x13c /opt/riscv/lib/gcc/riscv32-unknown-elf/13.2.0/libgcc.a(fixunsdfdi.o)
 .debug_loclists
                0x00003804       0x6b /opt/riscv/lib/gcc/riscv32-unknown-elf/13.2.0/libgcc.a(_ashldi3.o)
 .debug_loclists
                0x0000386f       0x44 /opt/riscv/lib/gcc/riscv32-unknown-elf/13.2.0/libgcc.a(_clzsi2.o)

.debug_aranges  0x00000000      0x198
 .debug_aranges
                0x00000000       0x20 /opt/riscv/lib/gcc/riscv32-unknown-elf/13.2.0/libgcc.a(_udivdi3.o)
 .debug_aranges
                0x00000020       0x20 /opt/riscv/lib/gcc/riscv32-unknown-elf/13.2.0/libgcc.a(adddf3.o)
 .debug_aranges
                0x00000040       0x20 /opt/riscv/lib/gcc/riscv32-unknown-elf/13.2.0/libgcc.a(divdf3.o)
 .debug_aranges
                0x00000060       0x20 /opt/riscv/lib/gcc/riscv32-unknown-elf/13.2.0/libgcc.a(gedf2.o)
 .debug_aranges
                0x00000080       0x20 /opt/riscv/lib/gcc/riscv32-unknown-elf/13.2.0/libgcc.a(ledf2.o)
 .debug_aranges
                0x000000a0       0x20 /opt/riscv/lib/gcc/riscv32-unknown-elf/13.2.0/libgcc.a(muldf3.o)
 .debug_aranges
                0x000000c0       0x20 /opt/riscv/lib/gcc/riscv32-unknown-elf/13.2.0/libgcc.a(subdf3.o)
 .debug_aranges
                0x000000e0       0x20 /opt/riscv/lib/gcc/riscv32-unknown-elf/13.2.0/libgcc.a(fixunsdfsi.o)
 .debug_aranges
                0x00000100       0x20 /opt/riscv/lib/gcc/riscv32-unknown-elf/13.2.0/libgcc.a(floatunsidf.o)
 .debug_aranges
                0x00000120       0x20 /opt/riscv/lib/gcc/riscv32-unknown-elf/13.2.0/libgcc.a(fixunsdfdi.o)
 .debug_aranges
                0x00000140       0x20 /opt/riscv/lib/gcc/riscv32-unknown-elf/13.2.0/libgcc.a(_ashldi3.o)
 .debug_aranges
                0x00000160       0x18 /opt/riscv/lib/gcc/riscv32-unknown-elf/13.2.0/libgcc.a(_clz.o)
 .debug_aranges
                0x00000178       0x20 /opt/riscv/lib/gcc/riscv32-unknown-elf/13.2.0/libgcc.a(_clzsi2.o)

.debug_rnglists
                0x00000000      0x518
 .debug_rnglists
                0x00000000       0x99 /opt/riscv/lib/gcc/riscv32-unknown-elf/13.2.0/libgcc.a(_udivdi3.o)
 .debug_rnglists
                0x00000099       0xc7 /opt/riscv/lib/gcc/riscv32-unknown-elf/13.2.0/libgcc.a(adddf3.o)
 .debug_rnglists
                0x00000160       0xcf /opt/riscv/lib/gcc/riscv32-unknown-elf/13.2.0/libgcc.a(divdf3.o)
 .debug_rnglists
                0x0000022f       0x38 /opt/riscv/lib/gcc/riscv32-unknown-elf/13.2.0/libgcc.a(gedf2.o)
 .debug_rnglists
                0x00000267       0x38 /opt/riscv/lib/gcc/riscv32-unknown-elf/13.2.0/libgcc.a(ledf2.o)
 .debug_rnglists
                0x0000029f      0x136 /opt/riscv/lib/gcc/riscv32-unknown-elf/13.2.0/libgcc.a(muldf3.o)
 .debug_rnglists
                0x000003d5       0xc7 /opt/riscv/lib/gcc/riscv32-unknown-elf/13.2.0/libgcc.a(subdf3.o)
 .debug_rnglists
                0x0000049c       0x16 /opt/riscv/lib/gcc/riscv32-unknown-elf/13.2.0/libgcc.a(fixunsdfsi.o)
 .debug_rnglists
                0x000004b2       0x2f /opt/riscv/lib/gcc/riscv32-unknown-elf/13.2.0/libgcc.a(floatunsidf.o)
 .debug_rnglists
                0x000004e1       0x21 /opt/riscv/lib/gcc/riscv32-unknown-elf/13.2.0/libgcc.a(fixunsdfdi.o)
 .debug_rnglists
                0x00000502       0x16 /opt/riscv/lib/gcc/riscv32-unknown-elf/13.2.0/libgcc.a(_clzsi2.o)

.debug_line     0x00000000     0x5cd5
 .debug_line    0x00000000      0x905 /opt/riscv/lib/gcc/riscv32-unknown-elf/13.2.0/libgcc.a(_udivdi3.o)
 .debug_line    0x00000905     0x1224 /opt/riscv/lib/gcc/riscv32-unknown-elf/13.2.0/libgcc.a(adddf3.o)
 .debug_line    0x00001b29     0x106b /opt/riscv/lib/gcc/riscv32-unknown-elf/13.2.0/libgcc.a(divdf3.o)
 .debug_line    0x00002b94      0x372 /opt/riscv/lib/gcc/riscv32-unknown-elf/13.2.0/libgcc.a(gedf2.o)
 .debug_line    0x00002f06      0x372 /opt/riscv/lib/gcc/riscv32-unknown-elf/13.2.0/libgcc.a(ledf2.o)
 .debug_line    0x00003278      0xfa3 /opt/riscv/lib/gcc/riscv32-unknown-elf/13.2.0/libgcc.a(muldf3.o)
 .debug_line    0x0000421b     0x1270 /opt/riscv/lib/gcc/riscv32-unknown-elf/13.2.0/libgcc.a(subdf3.o)
 .debug_line    0x0000548b      0x1bb /opt/riscv/lib/gcc/riscv32-unknown-elf/13.2.0/libgcc.a(fixunsdfsi.o)
 .debug_line    0x00005646      0x239 /opt/riscv/lib/gcc/riscv32-unknown-elf/13.2.0/libgcc.a(floatunsidf.o)
 .debug_line    0x0000587f      0x231 /opt/riscv/lib/gcc/riscv32-unknown-elf/13.2.0/libgcc.a(fixunsdfdi.o)
 .debug_line    0x00005ab0      0x107 /opt/riscv/lib/gcc/riscv32-unknown-elf/13.2.0/libgcc.a(_ashldi3.o)
 .debug_line    0x00005bb7       0x3f /opt/riscv/lib/gcc/riscv32-unknown-elf/13.2.0/libgcc.a(_clz.o)
 .debug_line    0x00005bf6       0xdf /opt/riscv/lib/gcc/riscv32-unknown-elf/13.2.0/libgcc.a(_clzsi2.o)

.debug_str      0x00000000      0x7b8
 .debug_str     0x00000000      0x7b8 /opt/riscv/lib/gcc/riscv32-unknown-elf/13.2.0/libgcc.a(_udivdi3.o)
                                0x271 (size before relaxing)
 .debug_str     0x000007b8      0x2b1 /opt/riscv/lib/gcc/riscv32-unknown-elf/13.2.0/libgcc.a(adddf3.o)
 .debug_str     0x000007b8      0x373 /opt/riscv/lib/gcc/riscv32-unknown-elf/13.2.0/libgcc.a(divdf3.o)
 .debug_str     0x000007b8      0x1e7 /opt/riscv/lib/gcc/riscv32-unknown-elf/13.2.0/libgcc.a(gedf2.o)
 .debug_str     0x000007b8      0x1e7 /opt/riscv/lib/gcc/riscv32-unknown-elf/13.2.0/libgcc.a(ledf2.o)
 .debug_str     0x000007b8      0x3cb /opt/riscv/lib/gcc/riscv32-unknown-elf/13.2.0/libgcc.a(muldf3.o)
 .debug_str     0x000007b8      0x2b1 /opt/riscv/lib/gcc/riscv32-unknown-elf/13.2.0/libgcc.a(subdf3.o)
 .debug_str     0x000007b8      0x1ba /opt/riscv/lib/gcc/riscv32-unknown-elf/13.2.0/libgcc.a(fixunsdfsi.o)
 .debug_str     0x000007b8      0x256 /opt/riscv/lib/gcc/riscv32-unknown-elf/13.2.0/libgcc.a(floatunsidf.o)
 .debug_str     0x000007b8      0x1c4 /opt/riscv/lib/gcc/riscv32-unknown-elf/13.2.0/libgcc.a(fixunsdfdi.o)
 .debug_str     0x000007b8      0x1fb /opt/riscv/lib/gcc/riscv32-unknown-elf/13.2.0/libgcc.a(_ashldi3.o)
 .debug_str     0x000007b8      0x1be /opt/riscv/lib/gcc/riscv32-unknown-elf/13.2.0/libgcc.a(_clz.o)
 .debug_str     0x000007b8      0x1db /opt/riscv/lib/gcc/riscv32-unknown-elf/13.2.0/libgcc.a(_clzsi2.o)

.debug_line_str
                0x00000000      0x244
 .debug_line_str
                0x00000000      0x244 /opt/riscv/lib/gcc/riscv32-unknown-elf/13.2.0/libgcc.a(_udivdi3.o)
                                0x106 (size before relaxing)
 .debug_line_str
                0x00000244      0x112 /opt/riscv/lib/gcc/riscv32-unknown-elf/13.2.0/libgcc.a(adddf3.o)
 .debug_line_str
                0x00000244      0x11c /opt/riscv/lib/gcc/riscv32-unknown-elf/13.2.0/libgcc.a(divdf3.o)
 .debug_line_str
                0x00000244      0x11f /opt/riscv/lib/gcc/riscv32-unknown-elf/13.2.0/libgcc.a(gedf2.o)
 .debug_line_str
                0x00000244      0x11f /opt/riscv/lib/gcc/riscv32-unknown-elf/13.2.0/libgcc.a(ledf2.o)
 .debug_line_str
                0x00000244      0x11c /opt/riscv/lib/gcc/riscv32-unknown-elf/13.2.0/libgcc.a(muldf3.o)
 .debug_line_str
                0x00000244      0x112 /opt/riscv/lib/gcc/riscv32-unknown-elf/13.2.0/libgcc.a(subdf3.o)
 .debug_line_str
                0x00000244      0x128 /opt/riscv/lib/gcc/riscv32-unknown-elf/13.2.0/libgcc.a(fixunsdfsi.o)
 .debug_line_str
                0x00000244      0x12b /opt/riscv/lib/gcc/riscv32-unknown-elf/13.2.0/libgcc.a(floatunsidf.o)
 .debug_line_str
                0x00000244      0x128 /opt/riscv/lib/gcc/riscv32-unknown-elf/13.2.0/libgcc.a(fixunsdfdi.o)
 .debug_line_str
                0x00000244      0x106 /opt/riscv/lib/gcc/riscv32-unknown-elf/13.2.0/libgcc.a(_ashldi3.o)
 .debug_line_str
                0x00000244      0x106 /opt/riscv/lib/gcc/riscv32-unknown-elf/13.2.0/libgcc.a(_clz.o)
 .debug_line_str
                0x00000244      0x106 /opt/riscv/lib/gcc/riscv32-unknown-elf/13.2.0/libgcc.a(_clzsi2.o)

.debug_frame    0x00000000      0x230
 .debug_frame   0x00000000       0x44 /opt/riscv/lib/gcc/riscv32-unknown-elf/13.2.0/libgcc.a(adddf3.o)
 .debug_frame   0x00000044       0x54 /opt/riscv/lib/gcc/riscv32-unknown-elf/13.2.0/libgcc.a(divdf3.o)
 .debug_frame   0x00000098       0x20 /opt/riscv/lib/gcc/riscv32-unknown-elf/13.2.0/libgcc.a(gedf2.o)
 .debug_frame   0x000000b8       0x20 /opt/riscv/lib/gcc/riscv32-unknown-elf/13.2.0/libgcc.a(ledf2.o)
 .debug_frame   0x000000d8       0x54 /opt/riscv/lib/gcc/riscv32-unknown-elf/13.2.0/libgcc.a(muldf3.o)
 .debug_frame   0x0000012c       0x44 /opt/riscv/lib/gcc/riscv32-unknown-elf/13.2.0/libgcc.a(subdf3.o)
 .debug_frame   0x00000170       0x20 /opt/riscv/lib/gcc/riscv32-unknown-elf/13.2.0/libgcc.a(fixunsdfsi.o)
 .debug_frame   0x00000190       0x34 /opt/riscv/lib/gcc/riscv32-unknown-elf/13.2.0/libgcc.a(floatunsidf.o)
 .debug_frame   0x000001c4       0x2c /opt/riscv/lib/gcc/riscv32-unknown-elf/13.2.0/libgcc.a(fixunsdfdi.o)
 .debug_frame   0x000001f0       0x20 /opt/riscv/lib/gcc/riscv32-unknown-elf/13.2.0/libgcc.a(_ashldi3.o)
 .debug_frame   0x00000210       0x20 /opt/riscv/lib/gcc/riscv32-unknown-elf/13.2.0/libgcc.a(_clzsi2.o)
