Archive member included to satisfy reference by file (symbol)

./libelibc.a(crt0.o)          (crt0)
./libelibc.a(stdio.o)         dhry_1.o (printf)
./libelibc.a(stdlib.o)        dhry_1.o (malloc)
./libelibc.a(string.o)        ./libelibc.a(stdlib.o) (memset)
./libelibc.a(time.o)          dhry_1.o (clock)
./libelibc.a(uart.o)          ./libelibc.a(stdio.o) (inbyte)
/opt/riscv/lib/gcc/riscv32-unknown-elf/13.2.0/libgcc.a(_udivdi3.o)
                              ./libelibc.a(stdio.o) (__udivdi3)
/opt/riscv/lib/gcc/riscv32-unknown-elf/13.2.0/libgcc.a(adddf3.o)
                              ./libelibc.a(stdio.o) (__adddf3)
/opt/riscv/lib/gcc/riscv32-unknown-elf/13.2.0/libgcc.a(divdf3.o)
                              dhry_1.o (__divdf3)
/opt/riscv/lib/gcc/riscv32-unknown-elf/13.2.0/libgcc.a(ledf2.o)
                              ./libelibc.a(stdio.o) (__ltdf2)
/opt/riscv/lib/gcc/riscv32-unknown-elf/13.2.0/libgcc.a(muldf3.o)
                              dhry_1.o (__muldf3)
/opt/riscv/lib/gcc/riscv32-unknown-elf/13.2.0/libgcc.a(subdf3.o)
                              ./libelibc.a(stdio.o) (__subdf3)
/opt/riscv/lib/gcc/riscv32-unknown-elf/13.2.0/libgcc.a(fixunsdfsi.o)
                              ./libelibc.a(stdio.o) (__fixunsdfsi)
/opt/riscv/lib/gcc/riscv32-unknown-elf/13.2.0/libgcc.a(floatunsidf.o)
                              ./libelibc.a(stdio.o) (__floatunsidf)
/opt/riscv/lib/gcc/riscv32-unknown-elf/13.2.0/libgcc.a(fixunsdfdi.o)
                              ./libelibc.a(stdio.o) (__fixunsdfdi)
/opt/riscv/lib/gcc/riscv32-unknown-elf/13.2.0/libgcc.a(divsf3.o)
                              dhry_1.o (__divsf3)
/opt/riscv/lib/gcc/riscv32-unknown-elf/13.2.0/libgcc.a(mulsf3.o)
                              dhry_1.o (__mulsf3)
/opt/riscv/lib/gcc/riscv32-unknown-elf/13.2.0/libgcc.a(floatsisf.o)
                              dhry_1.o (__floatsisf)
/opt/riscv/lib/gcc/riscv32-unknown-elf/13.2.0/libgcc.a(extendsfdf2.o)
                              dhry_1.o (__extendsfdf2)
/opt/riscv/lib/gcc/riscv32-unknown-elf/13.2.0/libgcc.a(truncdfsf2.o)
                              dhry_1.o (__truncdfsf2)
/opt/riscv/lib/gcc/riscv32-unknown-elf/13.2.0/libgcc.a(_ashldi3.o)
                              /opt/riscv/lib/gcc/riscv32-unknown-elf/13.2.0/libgcc.a(fixunsdfdi.o) (__ashldi3)
/opt/riscv/lib/gcc/riscv32-unknown-elf/13.2.0/libgcc.a(_clz.o)
                              /opt/riscv/lib/gcc/riscv32-unknown-elf/13.2.0/libgcc.a(_udivdi3.o) (__clz_tab)
/opt/riscv/lib/gcc/riscv32-unknown-elf/13.2.0/libgcc.a(_clzsi2.o)
                              /opt/riscv/lib/gcc/riscv32-unknown-elf/13.2.0/libgcc.a(adddf3.o) (__clzsi2)

There are no discarded input sections

Memory Configuration

Name             Origin             Length             Attributes
code_ram         0x00001000         0x00007000         xr!rw
data_ram         0x00008000         0x00008000         rw!x
*default*        0x00000000         0xffffffff

Linker script and memory map

                0x00000800                        __stack_size = 0x800
                0x00002000                        __heap_size = 0x2000

.text           0x00001000     0x48bc
 *(.text*)
 .text          0x00001000      0x21c dhry_1.o
                0x00001000                Proc_1
                0x00001178                Proc_2
                0x000011a8                Proc_3
                0x000011d4                Proc_4
                0x00001204                Proc_5
 .text.startup  0x0000121c      0x70c dhry_1.o
                0x0000121c                main
 .text          0x00001928      0x148 dhry_2.o
                0x00001928                Proc_6
                0x0000197c                Proc_7
                0x0000198c                Proc_8
                0x000019f4                Func_1
                0x00001a18                Func_2
                0x00001a64                Func_3
 .text          0x00001a70       0x30 ./libelibc.a(crt0.o)
                0x00001a70                crt0
 .text          0x00001aa0      0xa58 ./libelibc.a(stdio.o)
                0x00001aa0                getchar
                0x00001ab8                putchar
                0x00001ae4                fputs
                0x00001b74                fgets
                0x00001c3c                putd
                0x00001d74                putx
                0x00001e98                putld
                0x000020f8                putf
                0x000022b4                printf
 .text          0x000024f8      0x2c0 ./libelibc.a(stdlib.o)
                0x000024f8                exit
                0x00002544                malloc
                0x0000266c                free
                0x00002698                calloc
                0x000026d4                atoi
                0x0000276c                abs
                0x0000277c                srand
                0x00002788                rand
 .text          0x000027b8      0x300 ./libelibc.a(string.o)
                0x000027b8                memcpy
                0x00002828                memmove
                0x00002884                memset
                0x000028a4                strlen
                0x000028cc                strcpy
                0x000028f4                strncpy
                0x0000295c                strcat
                0x000029a0                strncat
                0x000029f4                strcmp
                0x00002a74                strncmp
 .text          0x00002ab8       0xb4 ./libelibc.a(time.o)
                0x00002ab8                clock
 .text          0x00002b6c       0x70 ./libelibc.a(uart.o)
                0x00002b6c                inbyte
                0x00002b90                outbyte
 .text          0x00002bdc      0x430 /opt/riscv/lib/gcc/riscv32-unknown-elf/13.2.0/libgcc.a(_udivdi3.o)
                0x00002bdc                __udivdi3
 .text          0x0000300c      0x794 /opt/riscv/lib/gcc/riscv32-unknown-elf/13.2.0/libgcc.a(adddf3.o)
                0x0000300c                __adddf3
 .text          0x000037a0      0x6dc /opt/riscv/lib/gcc/riscv32-unknown-elf/13.2.0/libgcc.a(divdf3.o)
                0x000037a0                __divdf3
 .text          0x00003e7c       0xdc /opt/riscv/lib/gcc/riscv32-unknown-elf/13.2.0/libgcc.a(ledf2.o)
                0x00003e7c                __ltdf2
                0x00003e7c                __ledf2
 .text          0x00003f58      0x5f0 /opt/riscv/lib/gcc/riscv32-unknown-elf/13.2.0/libgcc.a(muldf3.o)
                0x00003f58                __muldf3
 .text          0x00004548      0x7a8 /opt/riscv/lib/gcc/riscv32-unknown-elf/13.2.0/libgcc.a(subdf3.o)
                0x00004548                __subdf3
 .text          0x00004cf0       0x7c /opt/riscv/lib/gcc/riscv32-unknown-elf/13.2.0/libgcc.a(fixunsdfsi.o)
                0x00004cf0                __fixunsdfsi
 .text          0x00004d6c       0x80 /opt/riscv/lib/gcc/riscv32-unknown-elf/13.2.0/libgcc.a(floatunsidf.o)
                0x00004d6c                __floatunsidf
 .text          0x00004dec       0xa8 /opt/riscv/lib/gcc/riscv32-unknown-elf/13.2.0/libgcc.a(fixunsdfdi.o)
                0x00004dec                __fixunsdfdi
 .text          0x00004e94      0x32c /opt/riscv/lib/gcc/riscv32-unknown-elf/13.2.0/libgcc.a(divsf3.o)
                0x00004e94                __divsf3
 .text          0x000051c0      0x31c /opt/riscv/lib/gcc/riscv32-unknown-elf/13.2.0/libgcc.a(mulsf3.o)
                0x000051c0                __mulsf3
 .text          0x000054dc      0x108 /opt/riscv/lib/gcc/riscv32-unknown-elf/13.2.0/libgcc.a(floatsisf.o)
                0x000054dc                __floatsisf
 .text          0x000055e4       0xdc /opt/riscv/lib/gcc/riscv32-unknown-elf/13.2.0/libgcc.a(extendsfdf2.o)
                0x000055e4                __extendsfdf2
 .text          0x000056c0      0x178 /opt/riscv/lib/gcc/riscv32-unknown-elf/13.2.0/libgcc.a(truncdfsf2.o)
                0x000056c0                __truncdfsf2
 .text          0x00005838       0x38 /opt/riscv/lib/gcc/riscv32-unknown-elf/13.2.0/libgcc.a(_ashldi3.o)
                0x00005838                __ashldi3
 .text          0x00005870        0x0 /opt/riscv/lib/gcc/riscv32-unknown-elf/13.2.0/libgcc.a(_clz.o)
 .text          0x00005870       0x4c /opt/riscv/lib/gcc/riscv32-unknown-elf/13.2.0/libgcc.a(_clzsi2.o)
                0x00005870                __clzsi2

.srodata.cst4   0x000058bc       0x10
 .srodata.cst4  0x000058bc       0x10 dhry_1.o

.srodata.cst8   0x000058d0       0x28
 .srodata.cst8  0x000058d0       0x28 dhry_1.o
                                 0x10 (size before relaxing)
 .srodata.cst8  0x000058f8       0x18 ./libelibc.a(stdio.o)

.srodata        0x000058f8        0x8
 .srodata       0x000058f8        0x8 ./libelibc.a(stdlib.o)

.eh_frame       0x00005900       0x28
 .eh_frame      0x00005900       0x28 /opt/riscv/lib/gcc/riscv32-unknown-elf/13.2.0/libgcc.a(_udivdi3.o)

.rela.dyn       0x00005928        0x0
 .rela.sdata    0x00005928        0x0 dhry_1.o
 .rela.srodata  0x00005928        0x0 dhry_1.o

.data           0x00008000     0x3100
 *(.data)
 .data          0x00008000        0x0 dhry_1.o
 .data          0x00008000        0x0 dhry_2.o
 .data          0x00008000        0x0 ./libelibc.a(crt0.o)
 .data          0x00008000        0x0 ./libelibc.a(stdio.o)
 .data          0x00008000        0x0 ./libelibc.a(stdlib.o)
 .data          0x00008000        0x0 ./libelibc.a(string.o)
 .data          0x00008000        0x0 ./libelibc.a(time.o)
 .data          0x00008000        0x0 ./libelibc.a(uart.o)
 .data          0x00008000        0x0 /opt/riscv/lib/gcc/riscv32-unknown-elf/13.2.0/libgcc.a(_udivdi3.o)
 .data          0x00008000        0x0 /opt/riscv/lib/gcc/riscv32-unknown-elf/13.2.0/libgcc.a(adddf3.o)
 .data          0x00008000        0x0 /opt/riscv/lib/gcc/riscv32-unknown-elf/13.2.0/libgcc.a(divdf3.o)
 .data          0x00008000        0x0 /opt/riscv/lib/gcc/riscv32-unknown-elf/13.2.0/libgcc.a(ledf2.o)
 .data          0x00008000        0x0 /opt/riscv/lib/gcc/riscv32-unknown-elf/13.2.0/libgcc.a(muldf3.o)
 .data          0x00008000        0x0 /opt/riscv/lib/gcc/riscv32-unknown-elf/13.2.0/libgcc.a(subdf3.o)
 .data          0x00008000        0x0 /opt/riscv/lib/gcc/riscv32-unknown-elf/13.2.0/libgcc.a(fixunsdfsi.o)
 .data          0x00008000        0x0 /opt/riscv/lib/gcc/riscv32-unknown-elf/13.2.0/libgcc.a(floatunsidf.o)
 .data          0x00008000        0x0 /opt/riscv/lib/gcc/riscv32-unknown-elf/13.2.0/libgcc.a(fixunsdfdi.o)
 .data          0x00008000        0x0 /opt/riscv/lib/gcc/riscv32-unknown-elf/13.2.0/libgcc.a(divsf3.o)
 .data          0x00008000        0x0 /opt/riscv/lib/gcc/riscv32-unknown-elf/13.2.0/libgcc.a(mulsf3.o)
 .data          0x00008000        0x0 /opt/riscv/lib/gcc/riscv32-unknown-elf/13.2.0/libgcc.a(floatsisf.o)
 .data          0x00008000        0x0 /opt/riscv/lib/gcc/riscv32-unknown-elf/13.2.0/libgcc.a(extendsfdf2.o)
 .data          0x00008000        0x0 /opt/riscv/lib/gcc/riscv32-unknown-elf/13.2.0/libgcc.a(truncdfsf2.o)
 .data          0x00008000        0x0 /opt/riscv/lib/gcc/riscv32-unknown-elf/13.2.0/libgcc.a(_ashldi3.o)
 .data          0x00008000        0x0 /opt/riscv/lib/gcc/riscv32-unknown-elf/13.2.0/libgcc.a(_clz.o)
 .data          0x00008000        0x0 /opt/riscv/lib/gcc/riscv32-unknown-elf/13.2.0/libgcc.a(_clzsi2.o)
 *(.bss)
 .bss           0x00008000     0x27d8 dhry_1.o
                0x00008000                Arr_1_Glob
                0x000080c8                Arr_2_Glob
 .bss           0x0000a7d8        0x0 dhry_2.o
 .bss           0x0000a7d8        0x0 ./libelibc.a(crt0.o)
 .bss           0x0000a7d8        0x0 ./libelibc.a(stdio.o)
 .bss           0x0000a7d8        0x0 ./libelibc.a(stdlib.o)
 .bss           0x0000a7d8        0x0 ./libelibc.a(string.o)
 .bss           0x0000a7d8        0x0 ./libelibc.a(time.o)
 .bss           0x0000a7d8        0x0 ./libelibc.a(uart.o)
 .bss           0x0000a7d8        0x0 /opt/riscv/lib/gcc/riscv32-unknown-elf/13.2.0/libgcc.a(_udivdi3.o)
 .bss           0x0000a7d8        0x0 /opt/riscv/lib/gcc/riscv32-unknown-elf/13.2.0/libgcc.a(adddf3.o)
 .bss           0x0000a7d8        0x0 /opt/riscv/lib/gcc/riscv32-unknown-elf/13.2.0/libgcc.a(divdf3.o)
 .bss           0x0000a7d8        0x0 /opt/riscv/lib/gcc/riscv32-unknown-elf/13.2.0/libgcc.a(ledf2.o)
 .bss           0x0000a7d8        0x0 /opt/riscv/lib/gcc/riscv32-unknown-elf/13.2.0/libgcc.a(muldf3.o)
 .bss           0x0000a7d8        0x0 /opt/riscv/lib/gcc/riscv32-unknown-elf/13.2.0/libgcc.a(subdf3.o)
 .bss           0x0000a7d8        0x0 /opt/riscv/lib/gcc/riscv32-unknown-elf/13.2.0/libgcc.a(fixunsdfsi.o)
 .bss           0x0000a7d8        0x0 /opt/riscv/lib/gcc/riscv32-unknown-elf/13.2.0/libgcc.a(floatunsidf.o)
 .bss           0x0000a7d8        0x0 /opt/riscv/lib/gcc/riscv32-unknown-elf/13.2.0/libgcc.a(fixunsdfdi.o)
 .bss           0x0000a7d8        0x0 /opt/riscv/lib/gcc/riscv32-unknown-elf/13.2.0/libgcc.a(divsf3.o)
 .bss           0x0000a7d8        0x0 /opt/riscv/lib/gcc/riscv32-unknown-elf/13.2.0/libgcc.a(mulsf3.o)
 .bss           0x0000a7d8        0x0 /opt/riscv/lib/gcc/riscv32-unknown-elf/13.2.0/libgcc.a(floatsisf.o)
 .bss           0x0000a7d8        0x0 /opt/riscv/lib/gcc/riscv32-unknown-elf/13.2.0/libgcc.a(extendsfdf2.o)
 .bss           0x0000a7d8        0x0 /opt/riscv/lib/gcc/riscv32-unknown-elf/13.2.0/libgcc.a(truncdfsf2.o)
 .bss           0x0000a7d8        0x0 /opt/riscv/lib/gcc/riscv32-unknown-elf/13.2.0/libgcc.a(_ashldi3.o)
 .bss           0x0000a7d8        0x0 /opt/riscv/lib/gcc/riscv32-unknown-elf/13.2.0/libgcc.a(_clz.o)
 .bss           0x0000a7d8        0x0 /opt/riscv/lib/gcc/riscv32-unknown-elf/13.2.0/libgcc.a(_clzsi2.o)
 *(.rodata*)
 .rodata.str1.4
                0x0000a7d8      0x684 dhry_1.o
                                0x5f8 (size before relaxing)
 .rodata.str1.4
                0x0000ae5c       0x7d ./libelibc.a(stdio.o)
 .rodata        0x0000ae5c       0x84 ./libelibc.a(stdio.o)
 .rodata        0x0000aee0       0xa8 ./libelibc.a(stdlib.o)
 .rodata.str1.4
                0x0000af88        0x8 ./libelibc.a(string.o)
 .rodata        0x0000af88       0x3c /opt/riscv/lib/gcc/riscv32-unknown-elf/13.2.0/libgcc.a(divdf3.o)
 .rodata        0x0000afc4       0x3c /opt/riscv/lib/gcc/riscv32-unknown-elf/13.2.0/libgcc.a(divsf3.o)
 .rodata        0x0000b000      0x100 /opt/riscv/lib/gcc/riscv32-unknown-elf/13.2.0/libgcc.a(_clz.o)
                0x0000b000                __clz_tab

.sdata          0x0000b100       0x2c
 .sdata         0x0000b100        0x4 ./libelibc.a(crt0.o)
                0x0000b100                stack_top
 .sdata         0x0000b104       0x1c ./libelibc.a(stdio.o)
                0x0000b104                stderr
                0x0000b108                stdout
                0x0000b10c                stdin
 .sdata         0x0000b120        0xc ./libelibc.a(stdlib.o)

.sbss           0x0000b12c       0x3c
 .sbss          0x0000b12c       0x30 dhry_1.o
                0x0000b12c                Vax_Mips
                0x0000b130                Dhrystones_Per_Second
                0x0000b134                Microseconds
                0x0000b138                User_Time
                0x0000b13c                End_Time
                0x0000b140                Begin_Time
                0x0000b144                Reg
                0x0000b148                Ch_2_Glob
                0x0000b149                Ch_1_Glob
                0x0000b14c                Bool_Glob
                0x0000b150                Int_Glob
                0x0000b154                Next_Ptr_Glob
                0x0000b158                Ptr_Glob
 .sbss          0x0000b15c        0x4 ./libelibc.a(crt0.o)
                0x0000b15c                sp_store
 .sbss          0x0000b160        0x8 ./libelibc.a(stdio.o)

.heap           0x0000b170     0x2000
                0x0000b170                        __heap_start = .
                0x0000d170                        . = (. + __heap_size)
 *fill*         0x0000b170     0x2000 

.stack          0x0000d170      0x800
                0x0000d970                        . = (. + __stack_size)
 *fill*         0x0000d170      0x800 
                0x0000d970                        __stack_top = .
LOAD dhry_1.o
LOAD dhry_2.o
LOAD ./libelibc.a
LOAD /opt/riscv/lib/gcc/riscv32-unknown-elf/13.2.0/libgcc.a
OUTPUT(dhry.elf elf32-littleriscv)

.comment        0x00000000        0xf
 .comment       0x00000000        0xf dhry_1.o
                                 0x10 (size before relaxing)
 .comment       0x0000000f       0x10 dhry_2.o
 .comment       0x0000000f       0x10 ./libelibc.a(crt0.o)
 .comment       0x0000000f       0x10 ./libelibc.a(stdio.o)
 .comment       0x0000000f       0x10 ./libelibc.a(stdlib.o)
 .comment       0x0000000f       0x10 ./libelibc.a(string.o)
 .comment       0x0000000f       0x10 ./libelibc.a(time.o)
 .comment       0x0000000f       0x10 ./libelibc.a(uart.o)
 .comment       0x0000000f       0x10 /opt/riscv/lib/gcc/riscv32-unknown-elf/13.2.0/libgcc.a(_udivdi3.o)
 .comment       0x0000000f       0x10 /opt/riscv/lib/gcc/riscv32-unknown-elf/13.2.0/libgcc.a(adddf3.o)
 .comment       0x0000000f       0x10 /opt/riscv/lib/gcc/riscv32-unknown-elf/13.2.0/libgcc.a(divdf3.o)
 .comment       0x0000000f       0x10 /opt/riscv/lib/gcc/riscv32-unknown-elf/13.2.0/libgcc.a(ledf2.o)
 .comment       0x0000000f       0x10 /opt/riscv/lib/gcc/riscv32-unknown-elf/13.2.0/libgcc.a(muldf3.o)
 .comment       0x0000000f       0x10 /opt/riscv/lib/gcc/riscv32-unknown-elf/13.2.0/libgcc.a(subdf3.o)
 .comment       0x0000000f       0x10 /opt/riscv/lib/gcc/riscv32-unknown-elf/13.2.0/libgcc.a(fixunsdfsi.o)
 .comment       0x0000000f       0x10 /opt/riscv/lib/gcc/riscv32-unknown-elf/13.2.0/libgcc.a(floatunsidf.o)
 .comment       0x0000000f       0x10 /opt/riscv/lib/gcc/riscv32-unknown-elf/13.2.0/libgcc.a(fixunsdfdi.o)
 .comment       0x0000000f       0x10 /opt/riscv/lib/gcc/riscv32-unknown-elf/13.2.0/libgcc.a(divsf3.o)
 .comment       0x0000000f       0x10 /opt/riscv/lib/gcc/riscv32-unknown-elf/13.2.0/libgcc.a(mulsf3.o)
 .comment       0x0000000f       0x10 /opt/riscv/lib/gcc/riscv32-unknown-elf/13.2.0/libgcc.a(floatsisf.o)
 .comment       0x0000000f       0x10 /opt/riscv/lib/gcc/riscv32-unknown-elf/13.2.0/libgcc.a(extendsfdf2.o)
 .comment       0x0000000f       0x10 /opt/riscv/lib/gcc/riscv32-unknown-elf/13.2.0/libgcc.a(truncdfsf2.o)
 .comment       0x0000000f       0x10 /opt/riscv/lib/gcc/riscv32-unknown-elf/13.2.0/libgcc.a(_ashldi3.o)
 .comment       0x0000000f       0x10 /opt/riscv/lib/gcc/riscv32-unknown-elf/13.2.0/libgcc.a(_clz.o)
 .comment       0x0000000f       0x10 /opt/riscv/lib/gcc/riscv32-unknown-elf/13.2.0/libgcc.a(_clzsi2.o)

.riscv.attributes
                0x00000000       0x48
 .riscv.attributes
                0x00000000       0x44 dhry_1.o
 .riscv.attributes
                0x00000044       0x44 dhry_2.o
 .riscv.attributes
                0x00000088       0x44 ./libelibc.a(crt0.o)
 .riscv.attributes
                0x000000cc       0x44 ./libelibc.a(stdio.o)
 .riscv.attributes
                0x00000110       0x44 ./libelibc.a(stdlib.o)
 .riscv.attributes
                0x00000154       0x44 ./libelibc.a(string.o)
 .riscv.attributes
                0x00000198       0x48 ./libelibc.a(time.o)
 .riscv.attributes
                0x000001e0       0x44 ./libelibc.a(uart.o)
 .riscv.attributes
                0x00000224       0x3b /opt/riscv/lib/gcc/riscv32-unknown-elf/13.2.0/libgcc.a(_udivdi3.o)
 .riscv.attributes
                0x0000025f       0x3b /opt/riscv/lib/gcc/riscv32-unknown-elf/13.2.0/libgcc.a(adddf3.o)
 .riscv.attributes
                0x0000029a       0x3b /opt/riscv/lib/gcc/riscv32-unknown-elf/13.2.0/libgcc.a(divdf3.o)
 .riscv.attributes
                0x000002d5       0x3b /opt/riscv/lib/gcc/riscv32-unknown-elf/13.2.0/libgcc.a(ledf2.o)
 .riscv.attributes
                0x00000310       0x3b /opt/riscv/lib/gcc/riscv32-unknown-elf/13.2.0/libgcc.a(muldf3.o)
 .riscv.attributes
                0x0000034b       0x3b /opt/riscv/lib/gcc/riscv32-unknown-elf/13.2.0/libgcc.a(subdf3.o)
 .riscv.attributes
                0x00000386       0x3b /opt/riscv/lib/gcc/riscv32-unknown-elf/13.2.0/libgcc.a(fixunsdfsi.o)
 .riscv.attributes
                0x000003c1       0x3b /opt/riscv/lib/gcc/riscv32-unknown-elf/13.2.0/libgcc.a(floatunsidf.o)
 .riscv.attributes
                0x000003fc       0x3b /opt/riscv/lib/gcc/riscv32-unknown-elf/13.2.0/libgcc.a(fixunsdfdi.o)
 .riscv.attributes
                0x00000437       0x3b /opt/riscv/lib/gcc/riscv32-unknown-elf/13.2.0/libgcc.a(divsf3.o)
 .riscv.attributes
                0x00000472       0x3b /opt/riscv/lib/gcc/riscv32-unknown-elf/13.2.0/libgcc.a(mulsf3.o)
 .riscv.attributes
                0x000004ad       0x3b /opt/riscv/lib/gcc/riscv32-unknown-elf/13.2.0/libgcc.a(floatsisf.o)
 .riscv.attributes
                0x000004e8       0x3b /opt/riscv/lib/gcc/riscv32-unknown-elf/13.2.0/libgcc.a(extendsfdf2.o)
 .riscv.attributes
                0x00000523       0x3b /opt/riscv/lib/gcc/riscv32-unknown-elf/13.2.0/libgcc.a(truncdfsf2.o)
 .riscv.attributes
                0x0000055e       0x3b /opt/riscv/lib/gcc/riscv32-unknown-elf/13.2.0/libgcc.a(_ashldi3.o)
 .riscv.attributes
                0x00000599       0x3b /opt/riscv/lib/gcc/riscv32-unknown-elf/13.2.0/libgcc.a(_clz.o)
 .riscv.attributes
                0x000005d4       0x3b /opt/riscv/lib/gcc/riscv32-unknown-elf/13.2.0/libgcc.a(_clzsi2.o)

.debug_info     0x00000000     0x37e2
 .debug_info    0x00000000      0x76f /opt/riscv/lib/gcc/riscv32-unknown-elf/13.2.0/libgcc.a(_udivdi3.o)
 .debug_info    0x0000076f      0x501 /opt/riscv/lib/gcc/riscv32-unknown-elf/13.2.0/libgcc.a(adddf3.o)
 .debug_info    0x00000c70      0x67b /opt/riscv/lib/gcc/riscv32-unknown-elf/13.2.0/libgcc.a(divdf3.o)
 .debug_info    0x000012eb      0x225 /opt/riscv/lib/gcc/riscv32-unknown-elf/13.2.0/libgcc.a(ledf2.o)
 .debug_info    0x00001510      0x6a4 /opt/riscv/lib/gcc/riscv32-unknown-elf/13.2.0/libgcc.a(muldf3.o)
 .debug_info    0x00001bb4      0x501 /opt/riscv/lib/gcc/riscv32-unknown-elf/13.2.0/libgcc.a(subdf3.o)
 .debug_info    0x000020b5      0x1ad /opt/riscv/lib/gcc/riscv32-unknown-elf/13.2.0/libgcc.a(fixunsdfsi.o)
 .debug_info    0x00002262      0x25d /opt/riscv/lib/gcc/riscv32-unknown-elf/13.2.0/libgcc.a(floatunsidf.o)
 .debug_info    0x000024bf      0x1c9 /opt/riscv/lib/gcc/riscv32-unknown-elf/13.2.0/libgcc.a(fixunsdfdi.o)
 .debug_info    0x00002688      0x358 /opt/riscv/lib/gcc/riscv32-unknown-elf/13.2.0/libgcc.a(divsf3.o)
 .debug_info    0x000029e0      0x348 /opt/riscv/lib/gcc/riscv32-unknown-elf/13.2.0/libgcc.a(mulsf3.o)
 .debug_info    0x00002d28      0x213 /opt/riscv/lib/gcc/riscv32-unknown-elf/13.2.0/libgcc.a(floatsisf.o)
 .debug_info    0x00002f3b      0x254 /opt/riscv/lib/gcc/riscv32-unknown-elf/13.2.0/libgcc.a(extendsfdf2.o)
 .debug_info    0x0000318f      0x26e /opt/riscv/lib/gcc/riscv32-unknown-elf/13.2.0/libgcc.a(truncdfsf2.o)
 .debug_info    0x000033fd      0x1af /opt/riscv/lib/gcc/riscv32-unknown-elf/13.2.0/libgcc.a(_ashldi3.o)
 .debug_info    0x000035ac       0xe6 /opt/riscv/lib/gcc/riscv32-unknown-elf/13.2.0/libgcc.a(_clz.o)
 .debug_info    0x00003692      0x150 /opt/riscv/lib/gcc/riscv32-unknown-elf/13.2.0/libgcc.a(_clzsi2.o)

.debug_abbrev   0x00000000     0x1605
 .debug_abbrev  0x00000000      0x1a6 /opt/riscv/lib/gcc/riscv32-unknown-elf/13.2.0/libgcc.a(_udivdi3.o)
 .debug_abbrev  0x000001a6      0x176 /opt/riscv/lib/gcc/riscv32-unknown-elf/13.2.0/libgcc.a(adddf3.o)
 .debug_abbrev  0x0000031c      0x173 /opt/riscv/lib/gcc/riscv32-unknown-elf/13.2.0/libgcc.a(divdf3.o)
 .debug_abbrev  0x0000048f      0x166 /opt/riscv/lib/gcc/riscv32-unknown-elf/13.2.0/libgcc.a(ledf2.o)
 .debug_abbrev  0x000005f5      0x185 /opt/riscv/lib/gcc/riscv32-unknown-elf/13.2.0/libgcc.a(muldf3.o)
 .debug_abbrev  0x0000077a      0x176 /opt/riscv/lib/gcc/riscv32-unknown-elf/13.2.0/libgcc.a(subdf3.o)
 .debug_abbrev  0x000008f0      0x162 /opt/riscv/lib/gcc/riscv32-unknown-elf/13.2.0/libgcc.a(fixunsdfsi.o)
 .debug_abbrev  0x00000a52      0x163 /opt/riscv/lib/gcc/riscv32-unknown-elf/13.2.0/libgcc.a(floatunsidf.o)
 .debug_abbrev  0x00000bb5      0x15f /opt/riscv/lib/gcc/riscv32-unknown-elf/13.2.0/libgcc.a(fixunsdfdi.o)
 .debug_abbrev  0x00000d14      0x141 /opt/riscv/lib/gcc/riscv32-unknown-elf/13.2.0/libgcc.a(divsf3.o)
 .debug_abbrev  0x00000e55      0x150 /opt/riscv/lib/gcc/riscv32-unknown-elf/13.2.0/libgcc.a(mulsf3.o)
 .debug_abbrev  0x00000fa5      0x16d /opt/riscv/lib/gcc/riscv32-unknown-elf/13.2.0/libgcc.a(floatsisf.o)
 .debug_abbrev  0x00001112      0x15b /opt/riscv/lib/gcc/riscv32-unknown-elf/13.2.0/libgcc.a(extendsfdf2.o)
 .debug_abbrev  0x0000126d      0x152 /opt/riscv/lib/gcc/riscv32-unknown-elf/13.2.0/libgcc.a(truncdfsf2.o)
 .debug_abbrev  0x000013bf      0x10c /opt/riscv/lib/gcc/riscv32-unknown-elf/13.2.0/libgcc.a(_ashldi3.o)
 .debug_abbrev  0x000014cb       0x70 /opt/riscv/lib/gcc/riscv32-unknown-elf/13.2.0/libgcc.a(_clz.o)
 .debug_abbrev  0x0000153b       0xca /opt/riscv/lib/gcc/riscv32-unknown-elf/13.2.0/libgcc.a(_clzsi2.o)

.debug_loclists
                0x00000000     0x43d1
 .debug_loclists
                0x00000000      0x704 /opt/riscv/lib/gcc/riscv32-unknown-elf/13.2.0/libgcc.a(_udivdi3.o)
 .debug_loclists
                0x00000704      0xabf /opt/riscv/lib/gcc/riscv32-unknown-elf/13.2.0/libgcc.a(adddf3.o)
 .debug_loclists
                0x000011c3      0xf50 /opt/riscv/lib/gcc/riscv32-unknown-elf/13.2.0/libgcc.a(divdf3.o)
 .debug_loclists
                0x00002113       0xdc /opt/riscv/lib/gcc/riscv32-unknown-elf/13.2.0/libgcc.a(ledf2.o)
 .debug_loclists
                0x000021ef      0x7f5 /opt/riscv/lib/gcc/riscv32-unknown-elf/13.2.0/libgcc.a(muldf3.o)
 .debug_loclists
                0x000029e4      0xac4 /opt/riscv/lib/gcc/riscv32-unknown-elf/13.2.0/libgcc.a(subdf3.o)
 .debug_loclists
                0x000034a8       0x90 /opt/riscv/lib/gcc/riscv32-unknown-elf/13.2.0/libgcc.a(fixunsdfsi.o)
 .debug_loclists
                0x00003538       0xb4 /opt/riscv/lib/gcc/riscv32-unknown-elf/13.2.0/libgcc.a(floatunsidf.o)
 .debug_loclists
                0x000035ec      0x13c /opt/riscv/lib/gcc/riscv32-unknown-elf/13.2.0/libgcc.a(fixunsdfdi.o)
 .debug_loclists
                0x00003728      0x450 /opt/riscv/lib/gcc/riscv32-unknown-elf/13.2.0/libgcc.a(divsf3.o)
 .debug_loclists
                0x00003b78      0x356 /opt/riscv/lib/gcc/riscv32-unknown-elf/13.2.0/libgcc.a(mulsf3.o)
 .debug_loclists
                0x00003ece      0x13d /opt/riscv/lib/gcc/riscv32-unknown-elf/13.2.0/libgcc.a(floatsisf.o)
 .debug_loclists
                0x0000400b      0x128 /opt/riscv/lib/gcc/riscv32-unknown-elf/13.2.0/libgcc.a(extendsfdf2.o)
 .debug_loclists
                0x00004133      0x1ef /opt/riscv/lib/gcc/riscv32-unknown-elf/13.2.0/libgcc.a(truncdfsf2.o)
 .debug_loclists
                0x00004322       0x6b /opt/riscv/lib/gcc/riscv32-unknown-elf/13.2.0/libgcc.a(_ashldi3.o)
 .debug_loclists
                0x0000438d       0x44 /opt/riscv/lib/gcc/riscv32-unknown-elf/13.2.0/libgcc.a(_clzsi2.o)

.debug_aranges  0x00000000      0x218
 .debug_aranges
                0x00000000       0x20 /opt/riscv/lib/gcc/riscv32-unknown-elf/13.2.0/libgcc.a(_udivdi3.o)
 .debug_aranges
                0x00000020       0x20 /opt/riscv/lib/gcc/riscv32-unknown-elf/13.2.0/libgcc.a(adddf3.o)
 .debug_aranges
                0x00000040       0x20 /opt/riscv/lib/gcc/riscv32-unknown-elf/13.2.0/libgcc.a(divdf3.o)
 .debug_aranges
                0x00000060       0x20 /opt/riscv/lib/gcc/riscv32-unknown-elf/13.2.0/libgcc.a(ledf2.o)
 .debug_aranges
                0x00000080       0x20 /opt/riscv/lib/gcc/riscv32-unknown-elf/13.2.0/libgcc.a(muldf3.o)
 .debug_aranges
                0x000000a0       0x20 /opt/riscv/lib/gcc/riscv32-unknown-elf/13.2.0/libgcc.a(subdf3.o)
 .debug_aranges
                0x000000c0       0x20 /opt/riscv/lib/gcc/riscv32-unknown-elf/13.2.0/libgcc.a(fixunsdfsi.o)
 .debug_aranges
                0x000000e0       0x20 /opt/riscv/lib/gcc/riscv32-unknown-elf/13.2.0/libgcc.a(floatunsidf.o)
 .debug_aranges
                0x00000100       0x20 /opt/riscv/lib/gcc/riscv32-unknown-elf/13.2.0/libgcc.a(fixunsdfdi.o)
 .debug_aranges
                0x00000120       0x20 /opt/riscv/lib/gcc/riscv32-unknown-elf/13.2.0/libgcc.a(divsf3.o)
 .debug_aranges
                0x00000140       0x20 /opt/riscv/lib/gcc/riscv32-unknown-elf/13.2.0/libgcc.a(mulsf3.o)
 .debug_aranges
                0x00000160       0x20 /opt/riscv/lib/gcc/riscv32-unknown-elf/13.2.0/libgcc.a(floatsisf.o)
 .debug_aranges
                0x00000180       0x20 /opt/riscv/lib/gcc/riscv32-unknown-elf/13.2.0/libgcc.a(extendsfdf2.o)
 .debug_aranges
                0x000001a0       0x20 /opt/riscv/lib/gcc/riscv32-unknown-elf/13.2.0/libgcc.a(truncdfsf2.o)
 .debug_aranges
                0x000001c0       0x20 /opt/riscv/lib/gcc/riscv32-unknown-elf/13.2.0/libgcc.a(_ashldi3.o)
 .debug_aranges
                0x000001e0       0x18 /opt/riscv/lib/gcc/riscv32-unknown-elf/13.2.0/libgcc.a(_clz.o)
 .debug_aranges
                0x000001f8       0x20 /opt/riscv/lib/gcc/riscv32-unknown-elf/13.2.0/libgcc.a(_clzsi2.o)

.debug_rnglists
                0x00000000      0x65d
 .debug_rnglists
                0x00000000       0x99 /opt/riscv/lib/gcc/riscv32-unknown-elf/13.2.0/libgcc.a(_udivdi3.o)
 .debug_rnglists
                0x00000099       0xc7 /opt/riscv/lib/gcc/riscv32-unknown-elf/13.2.0/libgcc.a(adddf3.o)
 .debug_rnglists
                0x00000160       0xcf /opt/riscv/lib/gcc/riscv32-unknown-elf/13.2.0/libgcc.a(divdf3.o)
 .debug_rnglists
                0x0000022f       0x38 /opt/riscv/lib/gcc/riscv32-unknown-elf/13.2.0/libgcc.a(ledf2.o)
 .debug_rnglists
                0x00000267      0x136 /opt/riscv/lib/gcc/riscv32-unknown-elf/13.2.0/libgcc.a(muldf3.o)
 .debug_rnglists
                0x0000039d       0xc7 /opt/riscv/lib/gcc/riscv32-unknown-elf/13.2.0/libgcc.a(subdf3.o)
 .debug_rnglists
                0x00000464       0x16 /opt/riscv/lib/gcc/riscv32-unknown-elf/13.2.0/libgcc.a(fixunsdfsi.o)
 .debug_rnglists
                0x0000047a       0x2f /opt/riscv/lib/gcc/riscv32-unknown-elf/13.2.0/libgcc.a(floatunsidf.o)
 .debug_rnglists
                0x000004a9       0x21 /opt/riscv/lib/gcc/riscv32-unknown-elf/13.2.0/libgcc.a(fixunsdfdi.o)
 .debug_rnglists
                0x000004ca       0x7d /opt/riscv/lib/gcc/riscv32-unknown-elf/13.2.0/libgcc.a(divsf3.o)
 .debug_rnglists
                0x00000547       0x7d /opt/riscv/lib/gcc/riscv32-unknown-elf/13.2.0/libgcc.a(mulsf3.o)
 .debug_rnglists
                0x000005c4       0x44 /opt/riscv/lib/gcc/riscv32-unknown-elf/13.2.0/libgcc.a(floatsisf.o)
 .debug_rnglists
                0x00000608       0x1d /opt/riscv/lib/gcc/riscv32-unknown-elf/13.2.0/libgcc.a(extendsfdf2.o)
 .debug_rnglists
                0x00000625       0x22 /opt/riscv/lib/gcc/riscv32-unknown-elf/13.2.0/libgcc.a(truncdfsf2.o)
 .debug_rnglists
                0x00000647       0x16 /opt/riscv/lib/gcc/riscv32-unknown-elf/13.2.0/libgcc.a(_clzsi2.o)

.debug_line     0x00000000     0x7572
 .debug_line    0x00000000      0x905 /opt/riscv/lib/gcc/riscv32-unknown-elf/13.2.0/libgcc.a(_udivdi3.o)
 .debug_line    0x00000905     0x1224 /opt/riscv/lib/gcc/riscv32-unknown-elf/13.2.0/libgcc.a(adddf3.o)
 .debug_line    0x00001b29     0x106b /opt/riscv/lib/gcc/riscv32-unknown-elf/13.2.0/libgcc.a(divdf3.o)
 .debug_line    0x00002b94      0x372 /opt/riscv/lib/gcc/riscv32-unknown-elf/13.2.0/libgcc.a(ledf2.o)
 .debug_line    0x00002f06      0xfa3 /opt/riscv/lib/gcc/riscv32-unknown-elf/13.2.0/libgcc.a(muldf3.o)
 .debug_line    0x00003ea9     0x1270 /opt/riscv/lib/gcc/riscv32-unknown-elf/13.2.0/libgcc.a(subdf3.o)
 .debug_line    0x00005119      0x1bb /opt/riscv/lib/gcc/riscv32-unknown-elf/13.2.0/libgcc.a(fixunsdfsi.o)
 .debug_line    0x000052d4      0x239 /opt/riscv/lib/gcc/riscv32-unknown-elf/13.2.0/libgcc.a(floatunsidf.o)
 .debug_line    0x0000550d      0x231 /opt/riscv/lib/gcc/riscv32-unknown-elf/13.2.0/libgcc.a(fixunsdfdi.o)
 .debug_line    0x0000573e      0x89e /opt/riscv/lib/gcc/riscv32-unknown-elf/13.2.0/libgcc.a(divsf3.o)
 .debug_line    0x00005fdc      0x7e9 /opt/riscv/lib/gcc/riscv32-unknown-elf/13.2.0/libgcc.a(mulsf3.o)
 .debug_line    0x000067c5      0x357 /opt/riscv/lib/gcc/riscv32-unknown-elf/13.2.0/libgcc.a(floatsisf.o)
 .debug_line    0x00006b1c      0x3b1 /opt/riscv/lib/gcc/riscv32-unknown-elf/13.2.0/libgcc.a(extendsfdf2.o)
 .debug_line    0x00006ecd      0x480 /opt/riscv/lib/gcc/riscv32-unknown-elf/13.2.0/libgcc.a(truncdfsf2.o)
 .debug_line    0x0000734d      0x107 /opt/riscv/lib/gcc/riscv32-unknown-elf/13.2.0/libgcc.a(_ashldi3.o)
 .debug_line    0x00007454       0x3f /opt/riscv/lib/gcc/riscv32-unknown-elf/13.2.0/libgcc.a(_clz.o)
 .debug_line    0x00007493       0xdf /opt/riscv/lib/gcc/riscv32-unknown-elf/13.2.0/libgcc.a(_clzsi2.o)

.debug_str      0x00000000      0x91d
 .debug_str     0x00000000      0x91d /opt/riscv/lib/gcc/riscv32-unknown-elf/13.2.0/libgcc.a(_udivdi3.o)
                                0x271 (size before relaxing)
 .debug_str     0x0000091d      0x2b1 /opt/riscv/lib/gcc/riscv32-unknown-elf/13.2.0/libgcc.a(adddf3.o)
 .debug_str     0x0000091d      0x373 /opt/riscv/lib/gcc/riscv32-unknown-elf/13.2.0/libgcc.a(divdf3.o)
 .debug_str     0x0000091d      0x1e7 /opt/riscv/lib/gcc/riscv32-unknown-elf/13.2.0/libgcc.a(ledf2.o)
 .debug_str     0x0000091d      0x3cb /opt/riscv/lib/gcc/riscv32-unknown-elf/13.2.0/libgcc.a(muldf3.o)
 .debug_str     0x0000091d      0x2b1 /opt/riscv/lib/gcc/riscv32-unknown-elf/13.2.0/libgcc.a(subdf3.o)
 .debug_str     0x0000091d      0x1ba /opt/riscv/lib/gcc/riscv32-unknown-elf/13.2.0/libgcc.a(fixunsdfsi.o)
 .debug_str     0x0000091d      0x256 /opt/riscv/lib/gcc/riscv32-unknown-elf/13.2.0/libgcc.a(floatunsidf.o)
 .debug_str     0x0000091d      0x1c4 /opt/riscv/lib/gcc/riscv32-unknown-elf/13.2.0/libgcc.a(fixunsdfdi.o)
 .debug_str     0x0000091d      0x2de /opt/riscv/lib/gcc/riscv32-unknown-elf/13.2.0/libgcc.a(divsf3.o)
 .debug_str     0x0000091d      0x299 /opt/riscv/lib/gcc/riscv32-unknown-elf/13.2.0/libgcc.a(mulsf3.o)
 .debug_str     0x0000091d      0x23c /opt/riscv/lib/gcc/riscv32-unknown-elf/13.2.0/libgcc.a(floatsisf.o)
 .debug_str     0x0000091d      0x1e7 /opt/riscv/lib/gcc/riscv32-unknown-elf/13.2.0/libgcc.a(extendsfdf2.o)
 .debug_str     0x0000091d      0x23d /opt/riscv/lib/gcc/riscv32-unknown-elf/13.2.0/libgcc.a(truncdfsf2.o)
 .debug_str     0x0000091d      0x1fb /opt/riscv/lib/gcc/riscv32-unknown-elf/13.2.0/libgcc.a(_ashldi3.o)
 .debug_str     0x0000091d      0x1be /opt/riscv/lib/gcc/riscv32-unknown-elf/13.2.0/libgcc.a(_clz.o)
 .debug_str     0x0000091d      0x1db /opt/riscv/lib/gcc/riscv32-unknown-elf/13.2.0/libgcc.a(_clzsi2.o)

.debug_line_str
                0x00000000      0x2f6
 .debug_line_str
                0x00000000      0x2f6 /opt/riscv/lib/gcc/riscv32-unknown-elf/13.2.0/libgcc.a(_udivdi3.o)
                                0x106 (size before relaxing)
 .debug_line_str
                0x000002f6      0x112 /opt/riscv/lib/gcc/riscv32-unknown-elf/13.2.0/libgcc.a(adddf3.o)
 .debug_line_str
                0x000002f6      0x11c /opt/riscv/lib/gcc/riscv32-unknown-elf/13.2.0/libgcc.a(divdf3.o)
 .debug_line_str
                0x000002f6      0x11f /opt/riscv/lib/gcc/riscv32-unknown-elf/13.2.0/libgcc.a(ledf2.o)
 .debug_line_str
                0x000002f6      0x11c /opt/riscv/lib/gcc/riscv32-unknown-elf/13.2.0/libgcc.a(muldf3.o)
 .debug_line_str
                0x000002f6      0x112 /opt/riscv/lib/gcc/riscv32-unknown-elf/13.2.0/libgcc.a(subdf3.o)
 .debug_line_str
                0x000002f6      0x128 /opt/riscv/lib/gcc/riscv32-unknown-elf/13.2.0/libgcc.a(fixunsdfsi.o)
 .debug_line_str
                0x000002f6      0x12b /opt/riscv/lib/gcc/riscv32-unknown-elf/13.2.0/libgcc.a(floatunsidf.o)
 .debug_line_str
                0x000002f6      0x128 /opt/riscv/lib/gcc/riscv32-unknown-elf/13.2.0/libgcc.a(fixunsdfdi.o)
 .debug_line_str
                0x000002f6      0x112 /opt/riscv/lib/gcc/riscv32-unknown-elf/13.2.0/libgcc.a(divsf3.o)
 .debug_line_str
                0x000002f6      0x11c /opt/riscv/lib/gcc/riscv32-unknown-elf/13.2.0/libgcc.a(mulsf3.o)
 .debug_line_str
                0x000002f6      0x125 /opt/riscv/lib/gcc/riscv32-unknown-elf/13.2.0/libgcc.a(floatsisf.o)
 .debug_line_str
                0x000002f6      0x12a /opt/riscv/lib/gcc/riscv32-unknown-elf/13.2.0/libgcc.a(extendsfdf2.o)
 .debug_line_str
                0x000002f6      0x127 /opt/riscv/lib/gcc/riscv32-unknown-elf/13.2.0/libgcc.a(truncdfsf2.o)
 .debug_line_str
                0x000002f6      0x106 /opt/riscv/lib/gcc/riscv32-unknown-elf/13.2.0/libgcc.a(_ashldi3.o)
 .debug_line_str
                0x000002f6      0x106 /opt/riscv/lib/gcc/riscv32-unknown-elf/13.2.0/libgcc.a(_clz.o)
 .debug_line_str
                0x000002f6      0x106 /opt/riscv/lib/gcc/riscv32-unknown-elf/13.2.0/libgcc.a(_clzsi2.o)

.debug_frame    0x00000000      0x338
 .debug_frame   0x00000000       0x44 /opt/riscv/lib/gcc/riscv32-unknown-elf/13.2.0/libgcc.a(adddf3.o)
 .debug_frame   0x00000044       0x54 /opt/riscv/lib/gcc/riscv32-unknown-elf/13.2.0/libgcc.a(divdf3.o)
 .debug_frame   0x00000098       0x20 /opt/riscv/lib/gcc/riscv32-unknown-elf/13.2.0/libgcc.a(ledf2.o)
 .debug_frame   0x000000b8       0x54 /opt/riscv/lib/gcc/riscv32-unknown-elf/13.2.0/libgcc.a(muldf3.o)
 .debug_frame   0x0000010c       0x44 /opt/riscv/lib/gcc/riscv32-unknown-elf/13.2.0/libgcc.a(subdf3.o)
 .debug_frame   0x00000150       0x20 /opt/riscv/lib/gcc/riscv32-unknown-elf/13.2.0/libgcc.a(fixunsdfsi.o)
 .debug_frame   0x00000170       0x34 /opt/riscv/lib/gcc/riscv32-unknown-elf/13.2.0/libgcc.a(floatunsidf.o)
 .debug_frame   0x000001a4       0x2c /opt/riscv/lib/gcc/riscv32-unknown-elf/13.2.0/libgcc.a(fixunsdfdi.o)
 .debug_frame   0x000001d0       0x4c /opt/riscv/lib/gcc/riscv32-unknown-elf/13.2.0/libgcc.a(divsf3.o)
 .debug_frame   0x0000021c       0x4c /opt/riscv/lib/gcc/riscv32-unknown-elf/13.2.0/libgcc.a(mulsf3.o)
 .debug_frame   0x00000268       0x38 /opt/riscv/lib/gcc/riscv32-unknown-elf/13.2.0/libgcc.a(floatsisf.o)
 .debug_frame   0x000002a0       0x38 /opt/riscv/lib/gcc/riscv32-unknown-elf/13.2.0/libgcc.a(extendsfdf2.o)
 .debug_frame   0x000002d8       0x20 /opt/riscv/lib/gcc/riscv32-unknown-elf/13.2.0/libgcc.a(truncdfsf2.o)
 .debug_frame   0x000002f8       0x20 /opt/riscv/lib/gcc/riscv32-unknown-elf/13.2.0/libgcc.a(_ashldi3.o)
 .debug_frame   0x00000318       0x20 /opt/riscv/lib/gcc/riscv32-unknown-elf/13.2.0/libgcc.a(_clzsi2.o)
